
############################################################
# Verarbeite GA201 bis GA250
# Log: pagebreaks_ga201-250_20260108_091043.json
############################################################

============================================================
Verarbeite GA201
============================================================

============================================================
Verarbeite GA201
============================================================
  PDF: Steiner, Rudolf GA 201 1987 - Entsprechungen zwischen Mikrokosmos und Makrokosmos.pdf
  Extrahiere PDF-Seiten...
  285 Seiten mit Seitenzahlen
  16 Vorträge geladen
    GA201/1: 16 Marker (S.1-285) - ERSTER VORTRAG
    GA201/2: 12 Marker (S.1-285) - ZWEITER VORTRAG
    GA201/3: 15 Marker (S.1-285) - DRITTER VORTRAG
    GA201/4: 15 Marker (S.1-285) - VIERTER VORTRAG
    GA201/5: 16 Marker (S.1-285) - FÜNFTER VORTRAG
    GA201/6: 17 Marker (S.1-285) - SECHSTER VORTRAG
    GA201/7: 16 Marker (S.1-285) - SIEBENTER VORTRAG
    GA201/8: 13 Marker (S.1-285) - ACHTER VORTRAG
    GA201/9: 15 Marker (S.1-285) - NEUNTER VORTRAG
    GA201/10: 12 Marker (S.1-285) - ZEHNTER VORTRAG
    GA201/11: 14 Marker (S.1-285) - ELFTER VORTRAG
    GA201/12: 15 Marker (S.1-285) - ZWÖLFTER VORTRAG
    GA201/13: 6 Marker (S.1-285) - DREIZEHNTER VORTRAG
    GA201/14: 17 Marker (S.1-285) - VIERZEHNTER VORTRAG
    GA201/15: 12 Marker (S.1-285) - FÜNFZEHNTER VORTRAG
    GA201/16: 5 Marker (S.1-285) - SECHZEHNTER VORTRAG

  Gesamt: 216 Marker eingefügt
  Gespeichert in: GA201.json
  Archiviert: GA201.json

============================================================
Verarbeite GA201 (MD)
============================================================
  MD-Ordner: GA201-Entsprechungen zwischen Mikrokosmos und Makrokosmos
  PDF: Steiner, Rudolf GA 201 1987 - Entsprechungen zwischen Mikrokosmos und Makrokosmos.pdf
  Extrahiere PDF-Seiten...
  285 Seiten mit Seitenzahlen
  17 MD-Dateien gefunden
    GA201/1: 16/285 Marker (S.1-285)
    GA201/10: 12/285 Marker (S.1-285)
    GA201/11: 14/285 Marker (S.1-285)
    GA201/12: 15/285 Marker (S.1-285)
    GA201/13: 6/285 Marker (S.1-285)
    GA201/14: 17/285 Marker (S.1-285)
    GA201/15: 12/285 Marker (S.1-285)
    GA201/16: 5/285 Marker (S.1-285)
    GA201/2: 12/285 Marker (S.1-285)
    GA201/3: 15/285 Marker (S.1-285)
    GA201/4: 15/285 Marker (S.1-285)
    GA201/5: 16/285 Marker (S.1-285)
    GA201/6: 17/285 Marker (S.1-285)
    GA201/7: 16/285 Marker (S.1-285)
    GA201/8: 13/285 Marker (S.1-285)
    GA201/9: 15/285 Marker (S.1-285)

  Gesamt: 216 Marker in 16 Dateien
  JSON: 0 Marker
  MD: 0 Marker

============================================================
Verarbeite GA202
============================================================

============================================================
Verarbeite GA202
============================================================
  PDF: Steiner, Rudolf GA 202, 1993 - Die Brücke zwischen der Weltgeistigkeit und dem Physischen des Menschen.pdf
  Extrahiere PDF-Seiten...
  295 Seiten mit Seitenzahlen
  16 Vorträge geladen
    GA202/1: 14 Marker (S.1-296) - ERSTER VORTRAG
    GA202/2: 16 Marker (S.1-296) - ZWEITER VORTRAG
    GA202/3: 12 Marker (S.1-296) - DRITTER VORTRAG
    GA202/4: 15 Marker (S.1-296) - VIERTER VORTRAG
    GA202/5: 3 Marker (S.1-296) - FÜNFTER VORTRAG
    GA202/6: 9 Marker (S.1-296) - SECHSTER VORTRAG
    GA202/7: 16 Marker (S.1-296) - SIEBENTER VORTRAG
    GA202/8: 2 Marker (S.1-296) - ACHTER VORTRAG
    GA202/9: 27 Marker (S.1-296) - NEUNTER VORTRAG
    GA202/10: 5 Marker (S.1-296) - ZEHNTER VORTRAG
    GA202/11: 5 Marker (S.1-296) - ELFTER VORTRAG
    GA202/12: 8 Marker (S.1-296) - ZWÖLFTER VORTRAG
    GA202/13: 16 Marker (S.1-296) - DREIZEHNTER VORTRAG
    GA202/14: 4 Marker (S.1-296) - VIERZEHNTER VORTRAG
    GA202/15: 16 Marker (S.1-296) - FÜNFZEHNTER VORTRAG
    GA202/16: 20 Marker (S.1-296) - SECHZEHNTER VORTRAG

  Gesamt: 188 Marker eingefügt
  Gespeichert in: GA202.json
  Archiviert: GA202.json

============================================================
Verarbeite GA202 (MD)
============================================================
  MD-Ordner: GA202-Die Brücke zwischen der Weltgeistigkeit und dem Physischen des Menschen
  PDF: Steiner, Rudolf GA 202, 1993 - Die Brücke zwischen der Weltgeistigkeit und dem Physischen des Menschen.pdf
  Extrahiere PDF-Seiten...
  295 Seiten mit Seitenzahlen
  17 MD-Dateien gefunden
    GA202/1: 14/296 Marker (S.1-296)
    GA202/10: 5/296 Marker (S.1-296)
    GA202/11: 5/296 Marker (S.1-296)
    GA202/12: 8/296 Marker (S.1-296)
    GA202/13: 16/296 Marker (S.1-296)
    GA202/14: 4/296 Marker (S.1-296)
    GA202/15: 16/296 Marker (S.1-296)
    GA202/16: 20/296 Marker (S.1-296)
    GA202/2: 16/296 Marker (S.1-296)
    GA202/3: 12/296 Marker (S.1-296)
    GA202/4: 15/296 Marker (S.1-296)
    GA202/5: 3/296 Marker (S.1-296)
    GA202/6: 9/296 Marker (S.1-296)
    GA202/7: 16/296 Marker (S.1-296)
    GA202/8: 2/296 Marker (S.1-296)
    GA202/9: 27/296 Marker (S.1-296)

  Gesamt: 188 Marker in 16 Dateien
  JSON: 0 Marker
  MD: 0 Marker

============================================================
Verarbeite GA203
============================================================

============================================================
Verarbeite GA203
============================================================
  PDF: Steiner, Rudolf GA 203 1989 - Die Verantwortung des Menschen für die Weltentwickelung.pdf
  Extrahiere PDF-Seiten...
  343 Seiten mit Seitenzahlen
  18 Vorträge geladen
    GA203/1: 19 Marker (S.1-344) - ERSTER VORTRAG
    GA203/2: 6 Marker (S.1-344) - ZWEITER VORTRAG
    GA203/3: 19 Marker (S.1-344) - DRITTER VORTRAG
    GA203/4: 17 Marker (S.1-344) - VIERTER VORTRAG
    GA203/5: 14 Marker (S.1-344) - FÜNFTER VORTRAG
    GA203/6: 17 Marker (S.1-344) - SECHSTER VORTRAG
    GA203/7: 2 Marker (S.1-344) - SIEBENTER VORTRAG
    GA203/8: 10 Marker (S.1-344) - ACHTER VORTRAG
    GA203/9: 16 Marker (S.1-344) - NEUNTER VORTRAG
    GA203/10: 16 Marker (S.1-344) - ZEHNTER VORTRAG
    GA203/11: 9 Marker (S.1-344) - ELFTER VORTRAG
    GA203/12: 9 Marker (S.1-344) - ZWÖLFTER VORTRAG
    GA203/13: 5 Marker (S.1-344) - DREIZEHNTER VORTRAG
    GA203/14: 13 Marker (S.1-344) - VIERZEHNTER VORTRAG
    GA203/15: 3 Marker (S.1-344) - FÜNFZEHNTER VORTRAG
    GA203/16: 12 Marker (S.1-344) - SECHZEHNTER VORTRAG
    GA203/17: 7 Marker (S.1-344) - SIEBZEHNTER VORTRAG
    GA203/18: 14 Marker (S.1-344) - ACHTZEHNTER VORTRAG

  Gesamt: 208 Marker eingefügt
  Gespeichert in: GA203.json
  Archiviert: GA203.json

============================================================
Verarbeite GA203 (MD)
============================================================
  MD-Ordner: GA203-Die Verantwortung des Menschen für die Weltentwickelung durch seinen geistigen Zusammenhang mit dem Erdplaneten und der St
  PDF: Steiner, Rudolf GA 203 1989 - Die Verantwortung des Menschen für die Weltentwickelung.pdf
  Extrahiere PDF-Seiten...
  343 Seiten mit Seitenzahlen
  19 MD-Dateien gefunden
    GA203/1: 19/344 Marker (S.1-344)
    GA203/10: 16/344 Marker (S.1-344)
    GA203/11: 9/344 Marker (S.1-344)
    GA203/12: 9/344 Marker (S.1-344)
    GA203/13: 5/344 Marker (S.1-344)
    GA203/14: 13/344 Marker (S.1-344)
    GA203/15: 3/344 Marker (S.1-344)
    GA203/16: 12/344 Marker (S.1-344)
    GA203/17: 7/344 Marker (S.1-344)
    GA203/18: 14/344 Marker (S.1-344)
    GA203/2: 6/344 Marker (S.1-344)
    GA203/3: 19/344 Marker (S.1-344)
    GA203/4: 17/344 Marker (S.1-344)
    GA203/5: 14/344 Marker (S.1-344)
    GA203/6: 17/344 Marker (S.1-344)
    GA203/7: 2/344 Marker (S.1-344)
    GA203/8: 10/344 Marker (S.1-344)
    GA203/9: 16/344 Marker (S.1-344)

  Gesamt: 208 Marker in 18 Dateien
  JSON: 0 Marker
  MD: 0 Marker

============================================================
Verarbeite GA204
============================================================

============================================================
Verarbeite GA204
============================================================
  PDF: Steiner, Rudolf GA 204 1979 - Perspektiven der Menschheitsentwickelung.pdf
  Extrahiere PDF-Seiten...
  328 Seiten mit Seitenzahlen
  16 Vorträge geladen
    GA204/1: 17 Marker (S.1-328) - ERSTER VORTRAG
    GA204/2: 28 Marker (S.1-328) - ZWEITER VORTRAG
    GA204/3: 9 Marker (S.1-328) - VIERTER VORTRAG
    GA204/4: 15 Marker (S.1-328) - FÜNFTER VORTRAG
    GA204/5: 14 Marker (S.1-328) - SECHSTER VORTRAG
    GA204/6: 8 Marker (S.1-328) - SIEBENTER VORTRAG
    GA204/7: 16 Marker (S.1-328) - ACHTER VORTRAG
    GA204/8: 15 Marker (S.1-328) - NEUNTER VORTRAG
    GA204/9: 7 Marker (S.1-328) - ZEHNTER VORTRAG
    GA204/10: 12 Marker (S.1-328) - ELFTER VORTRAG
    GA204/11: 18 Marker (S.1-328) - ZWÖLFTER VORTRAG
    GA204/12: 8 Marker (S.1-328) - DREIZEHNTER VORTRAG
    GA204/13: 13 Marker (S.1-328) - VIERZEHNTER VORTRAG
    GA204/14: 4 Marker (S.1-328) - FÜNFZEHNTER VORTRAG
    GA204/15: 3 Marker (S.1-328) - SECHZEHNTER VORTRAG
    GA204/16: 5 Marker (S.1-328) - SIEBZEHNTER VORTRAG

  Gesamt: 192 Marker eingefügt
  Gespeichert in: GA204.json
  Archiviert: GA204.json

============================================================
Verarbeite GA204 (MD)
============================================================
  MD-Ordner: GA204-Perspektiven der Menschheitsentwickelung
  PDF: Steiner, Rudolf GA 204 1979 - Perspektiven der Menschheitsentwickelung.pdf
  Extrahiere PDF-Seiten...
  328 Seiten mit Seitenzahlen
  17 MD-Dateien gefunden
    GA204/1: 17/328 Marker (S.1-328)
    GA204/10: 12/328 Marker (S.1-328)
    GA204/11: 18/328 Marker (S.1-328)
    GA204/12: 8/328 Marker (S.1-328)
    GA204/13: 13/328 Marker (S.1-328)
    GA204/14: 4/328 Marker (S.1-328)
    GA204/15: 3/328 Marker (S.1-328)
    GA204/16: 5/328 Marker (S.1-328)
    GA204/2: 28/328 Marker (S.1-328)
    GA204/3: 9/328 Marker (S.1-328)
    GA204/4: 15/328 Marker (S.1-328)
    GA204/5: 14/328 Marker (S.1-328)
    GA204/6: 8/328 Marker (S.1-328)
    GA204/7: 16/328 Marker (S.1-328)
    GA204/8: 15/328 Marker (S.1-328)
    GA204/9: 8/328 Marker (S.1-328)

  Gesamt: 193 Marker in 16 Dateien
  JSON: 0 Marker
  MD: 0 Marker

============================================================
Verarbeite GA205
============================================================

============================================================
Verarbeite GA205
============================================================
  PDF: Steiner, Rudolf GA 205 1987 - Menschenwerden, Weltenseele und Weltengeist I.pdf
  Extrahiere PDF-Seiten...
  255 Seiten mit Seitenzahlen
  13 Vorträge geladen
    GA205/1: 22 Marker (S.1-256) - ERSTER VORTRAG
    GA205/2: 20 Marker (S.1-256) - ZWEITER VORTRAG
    GA205/3: 11 Marker (S.1-256) - DRITTER VORTRAG
    GA205/4: 12 Marker (S.1-256) - VIERTER VORTRAG
    GA205/5: 13 Marker (S.1-256) - FÜNFTER VORTRAG
    GA205/6: 18 Marker (S.1-256) - SECHSTER VORTRAG
    GA205/7: 16 Marker (S.1-256) - SIEBENTER VORTRAG
    GA205/8: 3 Marker (S.1-256) - ACHTER VORTRAG
    GA205/9: 15 Marker (S.1-256) - NEUNTER VORTRAG
    GA205/10: 14 Marker (S.1-256) - ZEHNTER VORTRAG
    GA205/11: 8 Marker (S.1-256) - ELFTER VORTRAG
    GA205/12: 6 Marker (S.1-256) - ZWÖLFTER VORTRAG
    GA205/13: 14 Marker (S.1-256) - DREIZEHNTER VORTRAG

  Gesamt: 172 Marker eingefügt
  Gespeichert in: GA205.json
  Archiviert: GA205.json

============================================================
Verarbeite GA205 (MD)
============================================================
  MD-Ordner: GA205-Menschenwerden  Weltenseele und Weltengeist. Erster Teil
  PDF: Steiner, Rudolf GA 205 1987 - Menschenwerden, Weltenseele und Weltengeist I.pdf
  Extrahiere PDF-Seiten...
  255 Seiten mit Seitenzahlen
  14 MD-Dateien gefunden
    GA205/1: 22/256 Marker (S.1-256)
    GA205/10: 14/256 Marker (S.1-256)
    GA205/11: 8/256 Marker (S.1-256)
    GA205/12: 6/256 Marker (S.1-256)
    GA205/13: 14/256 Marker (S.1-256)
    GA205/2: 19/256 Marker (S.1-256)
    GA205/3: 11/256 Marker (S.1-256)
    GA205/4: 12/256 Marker (S.1-256)
    GA205/5: 13/256 Marker (S.1-256)
    GA205/6: 18/256 Marker (S.1-256)
    GA205/7: 16/256 Marker (S.1-256)
    GA205/8: 3/256 Marker (S.1-256)
    GA205/9: 15/256 Marker (S.1-256)

  Gesamt: 171 Marker in 13 Dateien
  JSON: 0 Marker
  MD: 0 Marker

============================================================
Verarbeite GA206
============================================================

============================================================
Verarbeite GA206
============================================================
  PDF: Steiner, Rudolf GA 206 1991 - Menschenwerden, Weltenseele und Weltengeist II.pdf
  Extrahiere PDF-Seiten...
  216 Seiten mit Seitenzahlen
  11 Vorträge geladen
    GA206/1: 15 Marker (S.1-216) - VIERZEHNTER VORTRAG
    GA206/2: 16 Marker (S.1-216) - FÜNFZEHNTER VORTRAG
    GA206/3: 16 Marker (S.1-216) - SECHZEHNTER VORTRAG
    GA206/4: 16 Marker (S.1-216) - SIEBZEHNTER VORTRAG
    GA206/5: 7 Marker (S.1-216) - ACHTZEHNTER VORTRAG
    GA206/6: 21 Marker (S.1-216) - NEUNZEHNTER VORTRAG
    GA206/7: 16 Marker (S.1-216) - ZWANZIGSTER VORTRAG
    GA206/8: 17 Marker (S.1-216) - EINUNDZWANZIGSTER VORTRAG
    GA206/9: 17 Marker (S.1-216) - ZWEIUNDZWANZIGSTER VORTRAG
    GA206/10: 15 Marker (S.1-216) - DREIUNDZWANZIGSTER VORTRAG
    GA206/11: 9 Marker (S.1-216) - VIERUNDZWANZIGSTER VORTRAG

  Gesamt: 165 Marker eingefügt
  Gespeichert in: GA206.json
  Archiviert: GA206.json

============================================================
Verarbeite GA206 (MD)
============================================================
  MD-Ordner: GA206-Menschenwerden  Weltenseele und Weltengeist. Zweiter Teil
  PDF: Steiner, Rudolf GA 206 1991 - Menschenwerden, Weltenseele und Weltengeist II.pdf
  Extrahiere PDF-Seiten...
  216 Seiten mit Seitenzahlen
  12 MD-Dateien gefunden
    GA206/1: 15/216 Marker (S.1-216)
    GA206/10: 15/216 Marker (S.1-216)
    GA206/11: 9/216 Marker (S.1-216)
    GA206/2: 16/216 Marker (S.1-216)
    GA206/3: 16/216 Marker (S.1-216)
    GA206/4: 16/216 Marker (S.1-216)
    GA206/5: 7/216 Marker (S.1-216)
    GA206/6: 21/216 Marker (S.1-216)
    GA206/7: 16/216 Marker (S.1-216)
    GA206/8: 17/216 Marker (S.1-216)
    GA206/9: 17/216 Marker (S.1-216)

  Gesamt: 165 Marker in 11 Dateien
  JSON: 0 Marker
  MD: 0 Marker

============================================================
Verarbeite GA207
============================================================

============================================================
Verarbeite GA207
============================================================
  PDF: Steiner, Rudolf GA 207 1990 - Anthroposophie als Kosmosophie I.pdf
  Extrahiere PDF-Seiten...
  195 Seiten mit Seitenzahlen
  11 Vorträge geladen
    GA207/1: 16 Marker (S.1-196) - ERSTER VORTRAG
    GA207/2: 13 Marker (S.1-196) - ZWEITER VORTRAG
    GA207/3: 15 Marker (S.1-196) - DRITTER VORTRAG
    GA207/4: 17 Marker (S.1-196) - VIERTER VORTRAG
    GA207/5: 15 Marker (S.1-196) - FÜNFTER VORTRAG
    GA207/6: 16 Marker (S.1-196) - SECHSTER VORTRAG
    GA207/7: 2 Marker (S.1-196) - SIEBENTER VORTRAG
    GA207/8: 5 Marker (S.1-196) - ACHTER VORTRAG
    GA207/9: 10 Marker (S.1-196) - NEUNTER VORTRAG
    GA207/10: 13 Marker (S.1-196) - ZEHNTER VORTRAG
    GA207/11: 6 Marker (S.1-196) - ELFTER VORTRAG

  Gesamt: 128 Marker eingefügt
  Gespeichert in: GA207.json
  Archiviert: GA207.json

============================================================
Verarbeite GA207 (MD)
============================================================
  MD-Ordner: GA207-Anthroposophie als Kosmosophie. Erster Teil
  PDF: Steiner, Rudolf GA 207 1990 - Anthroposophie als Kosmosophie I.pdf
  Extrahiere PDF-Seiten...
  195 Seiten mit Seitenzahlen
  12 MD-Dateien gefunden
    GA207/1: 16/196 Marker (S.1-196)
    GA207/10: 13/196 Marker (S.1-196)
    GA207/11: 6/196 Marker (S.1-196)
    GA207/2: 13/196 Marker (S.1-196)
    GA207/3: 15/196 Marker (S.1-196)
    GA207/4: 17/196 Marker (S.1-196)
    GA207/5: 15/196 Marker (S.1-196)
    GA207/6: 16/196 Marker (S.1-196)
    GA207/7: 2/196 Marker (S.1-196)
    GA207/8: 5/196 Marker (S.1-196)
    GA207/9: 10/196 Marker (S.1-196)

  Gesamt: 128 Marker in 11 Dateien
  JSON: 0 Marker
  MD: 0 Marker

============================================================
Verarbeite GA208
============================================================

============================================================
Verarbeite GA208
============================================================
  PDF: Steiner, Rudolf GA 208 1992 - Anthroposophie als Kosmosophie II.pdf
  Extrahiere PDF-Seiten...
  231 Seiten mit Seitenzahlen
  11 Vorträge geladen
    GA208/1: 18 Marker (S.1-232) - ZWÖLFTER VORTRAG
    GA208/2: 15 Marker (S.1-232) - DREIZEHNTER VORTRAG
    GA208/3: 17 Marker (S.1-232) - VIERZEHNTER VORTRAG
    GA208/4: 17 Marker (S.1-232) - FÜNFZEHNTER VORTRAG
    GA208/5: 16 Marker (S.1-232) - SECHZEHNTER VORTRAG
    GA208/6: 17 Marker (S.1-232) - SIEBZEHNTER VORTRAG
    GA208/7: 16 Marker (S.1-232) - ACHTZEHNTER VORTRAG
    GA208/8: 2 Marker (S.1-232) - NEUNZEHNTER VORTRAG
    GA208/9: 16 Marker (S.1-232) - ZWANZIGSTER VORTRAG
    GA208/10: 17 Marker (S.1-232) - EINUNDZWANZIGSTER VORTRAG
    GA208/11: 21 Marker (S.1-232) - ZWEIUNDZWANZIGSTER VORTRAG

  Gesamt: 172 Marker eingefügt
  Gespeichert in: GA208.json
  Archiviert: GA208.json

============================================================
Verarbeite GA208 (MD)
============================================================
  MD-Ordner: GA208-Anthroposophie als Kosmosophie. Zweiter Teil
  PDF: Steiner, Rudolf GA 208 1992 - Anthroposophie als Kosmosophie II.pdf
  Extrahiere PDF-Seiten...
  231 Seiten mit Seitenzahlen
  12 MD-Dateien gefunden
    GA208/1: 17/232 Marker (S.1-232)
    GA208/10: 17/232 Marker (S.1-232)
    GA208/11: 21/232 Marker (S.1-232)
    GA208/2: 15/232 Marker (S.1-232)
    GA208/3: 17/232 Marker (S.1-232)
    GA208/4: 17/232 Marker (S.1-232)
    GA208/5: 16/232 Marker (S.1-232)
    GA208/6: 17/232 Marker (S.1-232)
    GA208/7: 16/232 Marker (S.1-232)
    GA208/8: 2/232 Marker (S.1-232)
    GA208/9: 16/232 Marker (S.1-232)

  Gesamt: 171 Marker in 11 Dateien
  JSON: 0 Marker
  MD: 0 Marker

============================================================
Verarbeite GA209
============================================================

============================================================
Verarbeite GA209
============================================================
  PDF: Steiner, Rudolf GA 209 1982 - Nordische und mitteleuropäische Geistimpulse.pdf
  Extrahiere PDF-Seiten...
  200 Seiten mit Seitenzahlen
  11 Vorträge geladen
    GA209/1: 18 Marker (S.1-200) - DIE SPIRITUELLE ZUKUNFTSAUFGABE NORWEGEN
    GA209/2: 11 Marker (S.1-200) - DIE SPIRITUELLE ZUKUNFTSAUFGABE NORWEGEN
    GA209/3: 22 Marker (S.1-200) - DIE SPIRITUELLE ZUKUNFTSAUFGABE NORWEGEN
    GA209/4: 11 Marker (S.1-200) - VATER–BEWUSSTSEIN UND CHRISTUS–BEWUSSTSE
    GA209/5: 7 Marker (S.1-200) - DER MENSCH ALS ERDENWESEN UND HIMMELSWES
    GA209/6: 14 Marker (S.1-200) - DER MENSCH ALS ERDENWESEN UND HIMMELSWES
    GA209/7: 13 Marker (S.1-200) - DER MENSCH ALS ERDENWESEN UND HIMMELSWES
    GA209/8: 10 Marker (S.1-200) - DAS FEST DER ERSCHEINUNG CHRISTI
    GA209/9: 14 Marker (S.1-200) - DAS FEST DER ERSCHEINUNG CHRISTI
    GA209/10: 14 Marker (S.1-200) - DAS FEST DER ERSCHEINUNG CHRISTI
    GA209/11: 12 Marker (S.1-200) - SILVESTERVORTRAG

  Gesamt: 146 Marker eingefügt
  Gespeichert in: GA209.json
  Archiviert: GA209.json

============================================================
Verarbeite GA209 (MD)
============================================================
  MD-Ordner: GA209-Nordische und mitteleuropäische Geistimpulse
  PDF: Steiner, Rudolf GA 209 1982 - Nordische und mitteleuropäische Geistimpulse.pdf
  Extrahiere PDF-Seiten...
  200 Seiten mit Seitenzahlen
  12 MD-Dateien gefunden
    GA209/1: 18/200 Marker (S.1-200)
    GA209/10: 14/200 Marker (S.1-200)
    GA209/11: 12/200 Marker (S.1-200)
    GA209/2: 11/200 Marker (S.1-200)
    GA209/3: 22/200 Marker (S.1-200)
    GA209/4: 11/200 Marker (S.1-200)
    GA209/5: 7/200 Marker (S.1-200)
    GA209/6: 14/200 Marker (S.1-200)
    GA209/7: 13/200 Marker (S.1-200)
    GA209/8: 10/200 Marker (S.1-200)
    GA209/9: 14/200 Marker (S.1-200)

  Gesamt: 146 Marker in 11 Dateien
  JSON: 0 Marker
  MD: 0 Marker

============================================================
Verarbeite GA210
============================================================

============================================================
Verarbeite GA210
============================================================
  PDF: Steiner, Rudolf GA 210 2001 - Alte und neue Einweihungsmethoden.pdf
  Extrahiere PDF-Seiten...
  271 Seiten mit Seitenzahlen
  14 Vorträge geladen
    GA210/1: 15 Marker (S.1-272) - ERSTER VORTRAG
    GA210/2: 11 Marker (S.1-272) - ZWEITER VORTRAG
    GA210/3: 14 Marker (S.1-272) - DRITTER VORTRAG
    GA210/4: 5 Marker (S.1-272) - VIERTER VORTRAG
    GA210/5: 12 Marker (S.1-272) - FÜNFTER VORTRAG
    GA210/6: 13 Marker (S.1-272) - SECHSTER VORTRAG
    GA210/7: 12 Marker (S.1-272) - SIEBENTER VORTRAG
    GA210/8: 17 Marker (S.1-272) - ACHTER VORTRAG
    GA210/9: 14 Marker (S.1-272) - NEUNTER VORTRAG
    GA210/10: 11 Marker (S.1-272) - ZEHNTER VORTRAG
    GA210/11: 19 Marker (S.1-272) - ELFTER VORTRAG
    GA210/12: 2 Marker (S.1-272) - ZWÖLFTER VORTRAG
    GA210/13: 13 Marker (S.1-272) - DREIZEHNTER VORTRAG
    GA210/14: 15 Marker (S.1-272) - VIERZEHNTER VORTRAG

  Gesamt: 173 Marker eingefügt
  Gespeichert in: GA210.json
  Archiviert: GA210.json

============================================================
Verarbeite GA210 (MD)
============================================================
  MD-Ordner: GA210-Alte und neue Einweihungsmethoden
  PDF: Steiner, Rudolf GA 210 2001 - Alte und neue Einweihungsmethoden.pdf
  Extrahiere PDF-Seiten...
  271 Seiten mit Seitenzahlen
  15 MD-Dateien gefunden
    GA210/1: 15/272 Marker (S.1-272)
    GA210/10: 11/272 Marker (S.1-272)
    GA210/11: 19/272 Marker (S.1-272)
    GA210/12: 2/272 Marker (S.1-272)
    GA210/13: 13/272 Marker (S.1-272)
    GA210/14: 15/272 Marker (S.1-272)
    GA210/2: 11/272 Marker (S.1-272)
    GA210/3: 14/272 Marker (S.1-272)
    GA210/4: 5/272 Marker (S.1-272)
    GA210/5: 12/272 Marker (S.1-272)
    GA210/6: 13/272 Marker (S.1-272)
    GA210/7: 12/272 Marker (S.1-272)
    GA210/8: 17/272 Marker (S.1-272)
    GA210/9: 14/272 Marker (S.1-272)

  Gesamt: 173 Marker in 14 Dateien
  JSON: 0 Marker
  MD: 0 Marker

============================================================
Verarbeite GA211
============================================================

============================================================
Verarbeite GA211
============================================================
  PDF: Steiner, Rudolf GA 211 1986 - Das Sonnenmysterium und das Mysterium von Tod und Auferstehung.pdf
  Extrahiere PDF-Seiten...
  224 Seiten mit Seitenzahlen
  12 Vorträge geladen
    GA211/1: 21 Marker (S.1-224) - DAS MENSCHLICHE SEELENLEBEN IN SCHLAFEN
    GA211/2: 17 Marker (S.1-224) - DIE DREI ZUSTÄNDE DES NACHTBEWUSSTSEINS
    GA211/3: 14 Marker (S.1-224) - VOM WANDEL DER WELTANSCHAUUNG
    GA211/4: 16 Marker (S.1-224) - DIE VERÄNDERUNGEN IM ERLEBEN DES ATMUNGS
    GA211/5: 14 Marker (S.1-224) - DAS WESEN DES MENSCHEN UND SEIN AUSDRUCK
    GA211/6: 10 Marker (S.1-224) - DIE ERKUNDUNG UND FORMULIERUNG DES WELTE
    GA211/7: 19 Marker (S.1-224) - EXOTERISCHES UND ESOTERISCHES CHRISTENTU
    GA211/8: 18 Marker (S.1-224) - DIE LEHREN DES AUFERSTANDENEN BETRACHTUN
    GA211/9: 2 Marker (S.1-224) - ERKENNTNIS UND INITIATION
    GA211/10: 13 Marker (S.1-224) - ERKENNTNIS DES CHRISTUS DURCH ANTHROPOSO
    GA211/11: 13 Marker (S.1-224) - DIE DREIFACHE SONNE UND DER AUFERSTANDEN
    GA211/12: 7 Marker (S.1-224) - ANTHROPOSOPHIE ALS EIN STREBEN NACH DURC

  Gesamt: 164 Marker eingefügt
  Gespeichert in: GA211.json
  Archiviert: GA211.json

============================================================
Verarbeite GA211 (MD)
============================================================
  MD-Ordner: GA211-Das Sonnenmysterium und das Mysterium von Tod und Auferstehung
  PDF: Steiner, Rudolf GA 211 1986 - Das Sonnenmysterium und das Mysterium von Tod und Auferstehung.pdf
  Extrahiere PDF-Seiten...
  224 Seiten mit Seitenzahlen
  13 MD-Dateien gefunden
    GA211/1: 21/224 Marker (S.1-224)
    GA211/10: 13/224 Marker (S.1-224)
    GA211/11: 13/224 Marker (S.1-224)
    GA211/12: 7/224 Marker (S.1-224)
    GA211/2: 17/224 Marker (S.1-224)
    GA211/3: 14/224 Marker (S.1-224)
    GA211/4: 16/224 Marker (S.1-224)
    GA211/5: 14/224 Marker (S.1-224)
    GA211/6: 10/224 Marker (S.1-224)
    GA211/7: 19/224 Marker (S.1-224)
    GA211/8: 18/224 Marker (S.1-224)
    GA211/9: 2/224 Marker (S.1-224)

  Gesamt: 164 Marker in 12 Dateien
  JSON: 0 Marker
  MD: 0 Marker

============================================================
Verarbeite GA212
============================================================

============================================================
Verarbeite GA212
============================================================
  PDF: Steiner, Rudolf GA 212 1998 - Menschliches Seelenleben und Geistesstreben.pdf
  Extrahiere PDF-Seiten...
  197 Seiten mit Seitenzahlen
  9 Vorträge geladen
    GA212/1: 19 Marker (S.1-198) - DAS MENSCHLICHE SEELENLEBEN IM ZUSAMMENH
    GA212/2: 2 Marker (S.1-198) - ZWEITER VORTRAG
    GA212/3: 16 Marker (S.1-198) - DRITTER VORTRAG
    GA212/4: 18 Marker (S.1-198) - VIERTER VORTRAG
    GA212/5: 21 Marker (S.1-198) - FÜNFTER VORTRAG
    GA212/6: 13 Marker (S.1-198) - MENSCHLICHES GEISTESSTREBEN IM ZUSAMMENH
    GA212/7: 16 Marker (S.1-198) - SIEBENTER VORTRAG
    GA212/8: 12 Marker (S.1-198) - ACHTER VORTRAG
    GA212/9: 14 Marker (S.1-198) - NEUNTER VORTRAG

  Gesamt: 131 Marker eingefügt
  Gespeichert in: GA212.json
  Archiviert: GA212.json

============================================================
Verarbeite GA212 (MD)
============================================================
  MD-Ordner: GA212-Menschliches Seelenleben und Geistesstreben im Zusammenhange mit Welt- und Erdentwickelung
  PDF: Steiner, Rudolf GA 212 1998 - Menschliches Seelenleben und Geistesstreben.pdf
  Extrahiere PDF-Seiten...
  197 Seiten mit Seitenzahlen
  10 MD-Dateien gefunden
    GA212/1: 19/198 Marker (S.1-198)
    GA212/2: 2/198 Marker (S.1-198)
    GA212/3: 16/198 Marker (S.1-198)
    GA212/4: 18/198 Marker (S.1-198)
    GA212/5: 21/198 Marker (S.1-198)
    GA212/6: 13/198 Marker (S.1-198)
    GA212/7: 16/198 Marker (S.1-198)
    GA212/8: 12/198 Marker (S.1-198)
    GA212/9: 14/198 Marker (S.1-198)

  Gesamt: 131 Marker in 9 Dateien
  JSON: 0 Marker
  MD: 0 Marker

============================================================
Verarbeite GA213
============================================================

============================================================
Verarbeite GA213
============================================================
  PDF: Steiner, Rudolf GA 213 1987 - Menschenfragen und Weltenantworten.pdf
  Extrahiere PDF-Seiten...
  256 Seiten mit Seitenzahlen
  13 Vorträge geladen
    GA213/1: 18 Marker (S.1-256) - ERSTER VORTRAG
    GA213/2: 18 Marker (S.1-256) - ZWEITER VORTRAG
    GA213/3: 9 Marker (S.1-256) - DRITTER VORTRAG
    GA213/4: 14 Marker (S.1-256) - VIERTER VORTRAG
    GA213/5: 20 Marker (S.1-256) - FÜNFTER VORTRAG
    GA213/6: 20 Marker (S.1-256) - SECHSTER VORTRAG
    GA213/7: 18 Marker (S.1-256) - SIEBENTER VORTRAG
    GA213/8: 20 Marker (S.1-256) - ACHTER VORTRAG
    GA213/9: 19 Marker (S.1-256) - NEUNTER VORTRAG
    GA213/10: 16 Marker (S.1-256) - ZEHNTER VORTRAG
    GA213/11: 14 Marker (S.1-256) - ELFTER VORTRAG
    GA213/12: 17 Marker (S.1-256) - ZWÖLFTER VORTRAG
    GA213/13: 19 Marker (S.1-256) - DREIZEHNTER VORTRAG

  Gesamt: 222 Marker eingefügt
  Gespeichert in: GA213.json
  Archiviert: GA213.json

============================================================
Verarbeite GA213 (MD)
============================================================
  MD-Ordner: GA213-Menschenfragen und Weltenantworten
  PDF: Steiner, Rudolf GA 213 1987 - Menschenfragen und Weltenantworten.pdf
  Extrahiere PDF-Seiten...
  256 Seiten mit Seitenzahlen
  14 MD-Dateien gefunden
    GA213/1: 18/256 Marker (S.1-256)
    GA213/10: 16/256 Marker (S.1-256)
    GA213/11: 14/256 Marker (S.1-256)
    GA213/12: 17/256 Marker (S.1-256)
    GA213/13: 19/256 Marker (S.1-256)
    GA213/2: 18/256 Marker (S.1-256)
    GA213/3: 9/256 Marker (S.1-256)
    GA213/4: 14/256 Marker (S.1-256)
    GA213/5: 20/256 Marker (S.1-256)
    GA213/6: 20/256 Marker (S.1-256)
    GA213/7: 18/256 Marker (S.1-256)
    GA213/8: 20/256 Marker (S.1-256)
    GA213/9: 19/256 Marker (S.1-256)

  Gesamt: 222 Marker in 13 Dateien
  JSON: 0 Marker
  MD: 0 Marker

============================================================
Verarbeite GA214
============================================================

============================================================
Verarbeite GA214
============================================================
  PDF: Steiner, Rudolf GA 214 1999 - Das Geheimnis der Trinität.pdf
  Extrahiere PDF-Seiten...
  208 Seiten mit Seitenzahlen
  11 Vorträge geladen
    GA214/1: 19 Marker (S.1-208) - ERSTER VORTRAG
    GA214/2: 15 Marker (S.1-208) - ZWEITER VORTRAG
    GA214/3: 14 Marker (S.1-208) - DRITTER VORTRAG
    GA214/4: 14 Marker (S.1-208) - VIERTER VORTRAG
    GA214/5: 13 Marker (S.1-208) - FÜNFTER VORTRAG
    GA214/6: 19 Marker (S.1-208) - SECHSTER VORTRAG
    GA214/7: 17 Marker (S.1-208) - SIEBENTER VORTRAG
    GA214/8: 20 Marker (S.1-208) - ACHTER VORTRAG
    GA214/9: 15 Marker (S.1-208) - NEUNTER VORTRAG
    GA214/10: 4 Marker (S.1-208) - ZEHNTER VORTRAG
    GA214/11: 7 Marker (S.1-208) - ELFTER VORTRAG

  Gesamt: 157 Marker eingefügt
  Gespeichert in: GA214.json
  Archiviert: GA214.json

============================================================
Verarbeite GA214 (MD)
============================================================
  MD-Ordner: GA214-Das Geheimnis der Trinität
  PDF: Steiner, Rudolf GA 214 1999 - Das Geheimnis der Trinität.pdf
  Extrahiere PDF-Seiten...
  208 Seiten mit Seitenzahlen
  12 MD-Dateien gefunden
    GA214/1: 19/208 Marker (S.1-208)
    GA214/10: 4/208 Marker (S.1-208)
    GA214/11: 7/208 Marker (S.1-208)
    GA214/2: 15/208 Marker (S.1-208)
    GA214/3: 14/208 Marker (S.1-208)
    GA214/4: 14/208 Marker (S.1-208)
    GA214/5: 13/208 Marker (S.1-208)
    GA214/6: 19/208 Marker (S.1-208)
    GA214/7: 17/208 Marker (S.1-208)
    GA214/8: 20/208 Marker (S.1-208)
    GA214/9: 15/208 Marker (S.1-208)

  Gesamt: 157 Marker in 11 Dateien
  JSON: 0 Marker
  MD: 0 Marker

============================================================
Verarbeite GA215
============================================================

============================================================
Verarbeite GA215
============================================================
  PDF: Steiner, Rudolf GA 215 1980 - Die Philosophie, Kosmologie und Religion.pdf
  Extrahiere PDF-Seiten...
  189 Seiten mit Seitenzahlen
  10 Vorträge geladen
    GA215/1: 19 Marker (S.1-188) - ERSTER VORTRAG
    GA215/2: 17 Marker (S.1-188) - ZWEITER VORTRAG
    GA215/3: 16 Marker (S.1-188) - DRITTER VORTRAG
    GA215/4: 4 Marker (S.1-188) - VIERTER VORTRAG
    GA215/5: 14 Marker (S.1-188) - FÜNFTER VORTRAG
    GA215/6: 7 Marker (S.1-188) - SECHSTER VORTRAG
    GA215/7: 10 Marker (S.1-188) - SIEBENTER VORTRAG
    GA215/8: 10 Marker (S.1-188) - ACHTER VORTRAG
    GA215/9: 8 Marker (S.1-188) - NEUNTER VORTRAG
    GA215/10: 7 Marker (S.1-188) - ZEHNTER VORTRAG

  Gesamt: 112 Marker eingefügt
  Gespeichert in: GA215.json
  Archiviert: GA215.json

============================================================
Verarbeite GA215 (MD)
============================================================
  MD-Ordner: GA215-Die Philosophie Kosmologie und Religion in der Anthroposophie
  PDF: Steiner, Rudolf GA 215 1980 - Die Philosophie, Kosmologie und Religion.pdf
  Extrahiere PDF-Seiten...
  189 Seiten mit Seitenzahlen
  11 MD-Dateien gefunden
    GA215/1: 19/188 Marker (S.1-188)
    GA215/10: 7/188 Marker (S.1-188)
    GA215/2: 17/188 Marker (S.1-188)
    GA215/3: 16/188 Marker (S.1-188)
    GA215/4: 4/188 Marker (S.1-188)
    GA215/5: 14/188 Marker (S.1-188)
    GA215/6: 7/188 Marker (S.1-188)
    GA215/7: 10/188 Marker (S.1-188)
    GA215/8: 10/188 Marker (S.1-188)
    GA215/9: 8/188 Marker (S.1-188)

  Gesamt: 112 Marker in 10 Dateien
  JSON: 0 Marker
  MD: 0 Marker

============================================================
Verarbeite GA216
============================================================

============================================================
Verarbeite GA216
============================================================
  PDF: Steiner, Rudolf GA 216 1988 - Die Grundimpulse des weltgeschichtlichen Werdens der Menschheit.pdf
  Extrahiere PDF-Seiten...
  160 Seiten mit Seitenzahlen
  8 Vorträge geladen
    GA216/1: 14 Marker (S.1-160) - ERSTER VORTRAG
    GA216/2: 17 Marker (S.1-160) - ZWEITER VORTRAG
    GA216/3: 14 Marker (S.1-160) - DRITTER VORTRAG
    GA216/4: 14 Marker (S.1-160) - VIERTER VORTRAG
    GA216/5: 15 Marker (S.1-160) - FÜNFTER VORTRAG
    GA216/6: 18 Marker (S.1-160) - SECHSTER VORTRAG
    GA216/7: 18 Marker (S.1-160) - SIEBENTER VORTRAG
    GA216/8: 4 Marker (S.1-160) - ACHTER VORTRAG

  Gesamt: 114 Marker eingefügt
  Gespeichert in: GA216.json
  Archiviert: GA216.json

============================================================
Verarbeite GA216 (MD)
============================================================
  MD-Ordner: GA216-Die Grundimpulse des weltgeschichtlichen Werdens der Menschheit
  PDF: Steiner, Rudolf GA 216 1988 - Die Grundimpulse des weltgeschichtlichen Werdens der Menschheit.pdf
  Extrahiere PDF-Seiten...
  160 Seiten mit Seitenzahlen
  9 MD-Dateien gefunden
    GA216/1: 14/160 Marker (S.1-160)
    GA216/2: 17/160 Marker (S.1-160)
    GA216/3: 14/160 Marker (S.1-160)
    GA216/4: 14/160 Marker (S.1-160)
    GA216/5: 15/160 Marker (S.1-160)
    GA216/6: 18/160 Marker (S.1-160)
    GA216/7: 18/160 Marker (S.1-160)
    GA216/8: 4/160 Marker (S.1-160)

  Gesamt: 114 Marker in 8 Dateien
  JSON: 0 Marker
  MD: 0 Marker

============================================================
Verarbeite GA217
============================================================

============================================================
Verarbeite GA217
============================================================
  PDF: Steiner, Rudolf GA 217 1988 - Geistige Wirkenskräfte im Zusammenleben von alter und junger Generation.pdf
  Extrahiere PDF-Seiten...
  208 Seiten mit Seitenzahlen
  13 Vorträge geladen
    GA217/1: 7 Marker (S.1-208) - ERSTER VORTRAG
    GA217/2: 16 Marker (S.1-208) - ZWEITER VORTRAG
    GA217/3: 14 Marker (S.1-208) - DRITTER VORTRAG
    GA217/4: 2 Marker (S.1-208) - VIERTER VORTRAG
    GA217/5: 13 Marker (S.1-208) - FÜNFTER VORTRAG
    GA217/6: 5 Marker (S.1-208) - SECHSTER VORTRAG
    GA217/7: 14 Marker (S.1-208) - SIEBENTER VORTRAG
    GA217/8: 9 Marker (S.1-208) - ACHTER VORTRAG
    GA217/9: 13 Marker (S.1-208) - NEUNTER VORTRAG
    GA217/10: 15 Marker (S.1-208) - ZEHNTER VORTRAG
    GA217/11: 12 Marker (S.1-208) - ELFTER VORTRAG
    GA217/12: 11 Marker (S.1-208) - ZWÖLFTER VORTRAG
    GA217/13: 4 Marker (S.1-208) - DREIZEHNTER VORTRAG

  Gesamt: 135 Marker eingefügt
  Gespeichert in: GA217.json
  Archiviert: GA217.json

============================================================
Verarbeite GA217 (MD)
============================================================
  MD-Ordner: GA217-Geistige Wirkenskräfte im Zusammenleben von alter und junger Generation
  PDF: Steiner, Rudolf GA 217 1988 - Geistige Wirkenskräfte im Zusammenleben von alter und junger Generation.pdf
  Extrahiere PDF-Seiten...
  208 Seiten mit Seitenzahlen
  14 MD-Dateien gefunden
    GA217/1: 7/208 Marker (S.1-208)
    GA217/10: 15/208 Marker (S.1-208)
    GA217/11: 12/208 Marker (S.1-208)
    GA217/12: 11/208 Marker (S.1-208)
    GA217/13: 4/208 Marker (S.1-208)
    GA217/2: 16/208 Marker (S.1-208)
    GA217/3: 14/208 Marker (S.1-208)
    GA217/4: 2/208 Marker (S.1-208)
    GA217/5: 13/208 Marker (S.1-208)
    GA217/6: 5/208 Marker (S.1-208)
    GA217/7: 14/208 Marker (S.1-208)
    GA217/8: 9/208 Marker (S.1-208)
    GA217/9: 13/208 Marker (S.1-208)

  Gesamt: 135 Marker in 13 Dateien
  JSON: 0 Marker
  MD: 0 Marker

============================================================
Verarbeite GA218
============================================================

============================================================
Verarbeite GA218
============================================================
  PDF: Steiner, Rudolf GA 218 1992 - Geistige Zusammenhänge in der Gestaltung des menschlichen Organismus.pdf
  Extrahiere PDF-Seiten...
  341 Seiten mit Seitenzahlen
  16 Vorträge geladen
    GA218/1: 19 Marker (S.1-344) - DIE SCHLAFERLEBNISSE DES MENSCHEN IHRE G
    GA218/2: 23 Marker (S.1-344) - ÜBER DAS GEISTIG-SEELISCHE DES MENSCHEN 
    GA218/3: 17 Marker (S.1-344) - GEISTIGE ZUSAMMENHANGE IN DER GESTALTUNG
    GA218/4: 17 Marker (S.1-344) - GEISTIGE ZUSAMMENHANGE IN DER GESTALTUNG
    GA218/5: 16 Marker (S.1-344) - GEISTIGE ZUSAMMENHÄNGE IN DER GESTALTUNG
    GA218/6: 8 Marker (S.1-344) - DIE VERBORGENEN SEITEN DES MENSCHENDASEI
    GA218/7: 12 Marker (S.1-344) - ERLEBNISSE DER MENSCHENSEELE IM SCHLAFE 
    GA218/8: 18 Marker (S.1-344) - ERLEBNISSE DER MENSCHENSEELE IM SCHLAFE 
    GA218/9: 17 Marker (S.1-344) - ERLEBNISSE DER MENSCHENSEELE IM SCHLAFE 
    GA218/10: 4 Marker (S.1-344) - EXAKTE ERKENNTNIS DER ÜBERSINNLICHEN WEL
    GA218/11: 18 Marker (S.1-344) - CHRISTUS VOM GESICHTSPUNKTE DER ANTHROPO
    GA218/12: 10 Marker (S.1-344) - ERZIEHUNGS- UND UNTERRICHTSFRAGEN
    GA218/13: 19 Marker (S.1-344) - ERZIEHUNGSKUNST DURCH MENSCHENERKENNTNIS
    GA218/14: 4 Marker (S.1-344) - BEZIEHUNG DES ERDENLEBENS DES MENSCHEN Z
    GA218/15: 27 Marker (S.1-344) - DIE ERLEBNISSE DES MENSCHEN IM ÄTHERISCH
    GA218/16: 3 Marker (S.1-344) - DER MENSCH UND DIE ÜBERSINNLICHEN WELTEN

  Gesamt: 232 Marker eingefügt
  Gespeichert in: GA218.json
  Archiviert: GA218.json

============================================================
Verarbeite GA218 (MD)
============================================================
  MD-Ordner: GA218-Geistige Zusammenhänge in der Gestaltung des menschlichen Organismus
  PDF: Steiner, Rudolf GA 218 1992 - Geistige Zusammenhänge in der Gestaltung des menschlichen Organismus.pdf
  Extrahiere PDF-Seiten...
  341 Seiten mit Seitenzahlen
  17 MD-Dateien gefunden
    GA218/1: 19/344 Marker (S.1-344)
    GA218/10: 4/344 Marker (S.1-344)
    GA218/11: 18/344 Marker (S.1-344)
    GA218/12: 10/344 Marker (S.1-344)
    GA218/13: 19/344 Marker (S.1-344)
    GA218/14: 4/344 Marker (S.1-344)
    GA218/15: 27/344 Marker (S.1-344)
    GA218/16: 3/344 Marker (S.1-344)
    GA218/2: 23/344 Marker (S.1-344)
    GA218/3: 17/344 Marker (S.1-344)
    GA218/4: 17/344 Marker (S.1-344)
    GA218/5: 16/344 Marker (S.1-344)
    GA218/6: 8/344 Marker (S.1-344)
    GA218/7: 12/344 Marker (S.1-344)
    GA218/8: 18/344 Marker (S.1-344)
    GA218/9: 17/344 Marker (S.1-344)

  Gesamt: 232 Marker in 16 Dateien
  JSON: 0 Marker
  MD: 0 Marker

============================================================
Verarbeite GA219
============================================================

============================================================
Verarbeite GA219
============================================================
  PDF: Steiner, Rudolf GA 219 1994 - Das Verhältnis der Sternenwelt zum Menschen.pdf
  Extrahiere PDF-Seiten...
  224 Seiten mit Seitenzahlen
  12 Vorträge geladen
    GA219/1: 19 Marker (S.1-224) - ERSTER VORTRAG
    GA219/2: 14 Marker (S.1-224) - ZWEITER VORTRAG
    GA219/3: 15 Marker (S.1-224) - DRITTER VORTRAG
    GA219/4: 14 Marker (S.1-224) - VIERTER VORTRAG
    GA219/5: 15 Marker (S.1-224) - FÜNFTER VORTRAG
    GA219/6: 17 Marker (S.1-224) - SECHSTER VORTRAG
    GA219/7: 14 Marker (S.1-224) - SIEBENTER VORTRAG
    GA219/8: 17 Marker (S.1-224) - ACHTER VORTRAG
    GA219/9: 12 Marker (S.1-224) - NEUNTER VORTRAG
    GA219/10: 9 Marker (S.1-224) - ZEHNTER VORTRAG
    GA219/11: 15 Marker (S.1-224) - ELFTER VORTRAG
    GA219/12: 19 Marker (S.1-224) - ZWÖLFTER VORTRAG

  Gesamt: 180 Marker eingefügt
  Gespeichert in: GA219.json
  Archiviert: GA219.json

============================================================
Verarbeite GA219 (MD)
============================================================
  MD-Ordner: GA219-Das Verhältnis der Sternenwelt zum Menschen und des Menschen zur Sternenwelt - Die geistige Kommunion der Menschheit
  PDF: Steiner, Rudolf GA 219 1994 - Das Verhältnis der Sternenwelt zum Menschen.pdf
  Extrahiere PDF-Seiten...
  224 Seiten mit Seitenzahlen
  13 MD-Dateien gefunden
    GA219/1: 19/224 Marker (S.1-224)
    GA219/10: 9/224 Marker (S.1-224)
    GA219/11: 15/224 Marker (S.1-224)
    GA219/12: 19/224 Marker (S.1-224)
    GA219/2: 14/224 Marker (S.1-224)
    GA219/3: 15/224 Marker (S.1-224)
    GA219/4: 14/224 Marker (S.1-224)
    GA219/5: 15/224 Marker (S.1-224)
    GA219/6: 17/224 Marker (S.1-224)
    GA219/7: 14/224 Marker (S.1-224)
    GA219/8: 17/224 Marker (S.1-224)
    GA219/9: 12/224 Marker (S.1-224)

  Gesamt: 180 Marker in 12 Dateien
  JSON: 0 Marker
  MD: 0 Marker

============================================================
Verarbeite GA220
============================================================

============================================================
Verarbeite GA220
============================================================
  PDF: Steiner, Rudolf GA 220 1982 - Lebendiges Naturerkennen, intellektueller Sündenfall und spirituelle Sündenerhebung.pdf
  Extrahiere PDF-Seiten...
  213 Seiten mit Seitenzahlen
  12 Vorträge geladen
    GA220/1: 17 Marker (S.1-214) - ERSTER VORTRAG
    GA220/2: 12 Marker (S.1-214) - ZWEITER VORTRAG
    GA220/3: 18 Marker (S.1-214) - DRITTER VORTRAG
    GA220/4: 17 Marker (S.1-214) - VIERTER VORTRAG
    GA220/5: 16 Marker (S.1-214) - FÜNFTER VORTRAG
    GA220/6: 14 Marker (S.1-214) - SECHSTER VORTRAG
    GA220/7: 12 Marker (S.1-214) - SIEBENTER VORTRAG
    GA220/8: 18 Marker (S.1-214) - ACHTER VORTRAG
    GA220/9: 6 Marker (S.1-214) - NEUNTER VORTRAG
    GA220/10: 16 Marker (S.1-214) - ZEHNTER VORTRAG
    GA220/11: 14 Marker (S.1-214) - ELFTER VORTRAG
    GA220/12: 11 Marker (S.1-214) - ZWÖLFTER VORTRAG

  Gesamt: 171 Marker eingefügt
  Gespeichert in: GA220.json
  Archiviert: GA220.json

============================================================
Verarbeite GA220 (MD)
============================================================
  MD-Ordner: GA220-Lebendiges Naturerkennen. Intellektueller Sündenfall und spirituelle Sündenerhebung
  PDF: Steiner, Rudolf GA 220 1982 - Lebendiges Naturerkennen, intellektueller Sündenfall und spirituelle Sündenerhebung.pdf
  Extrahiere PDF-Seiten...
  213 Seiten mit Seitenzahlen
  13 MD-Dateien gefunden
    GA220/1: 17/214 Marker (S.1-214)
    GA220/10: 16/214 Marker (S.1-214)
    GA220/11: 14/214 Marker (S.1-214)
    GA220/12: 11/214 Marker (S.1-214)
    GA220/2: 12/214 Marker (S.1-214)
    GA220/3: 18/214 Marker (S.1-214)
    GA220/4: 17/214 Marker (S.1-214)
    GA220/5: 16/214 Marker (S.1-214)
    GA220/6: 14/214 Marker (S.1-214)
    GA220/7: 12/214 Marker (S.1-214)
    GA220/8: 18/214 Marker (S.1-214)
    GA220/9: 6/214 Marker (S.1-214)

  Gesamt: 171 Marker in 12 Dateien
  JSON: 0 Marker
  MD: 0 Marker

============================================================
Verarbeite GA221
============================================================

============================================================
Verarbeite GA221
============================================================
  PDF: Steiner, Rudolf GA 221 1998 - Erdenwissen und Himmelserkenntnis.pdf
  Extrahiere PDF-Seiten...
  174 Seiten mit Seitenzahlen
  12 Vorträge geladen
    GA221/1: 15 Marker (S.1-176) - ERKENNE DICH SELBST - DAS ERLEBEN DES CH
    GA221/2: 16 Marker (S.1-176) - DER NACHTMENSCH UND DER TAGESMENSCH. IN 
    GA221/3: 9 Marker (S.1-176) - DER NACHTMENSCH UND DER TAGESMENSCH IN D
    GA221/4: 13 Marker (S.1-176) - ERDENWISSEN UND HIMMELSERKENNTNIS DER ME
    GA221/5: 13 Marker (S.1-176) - ERDENWISSEN UND HIMMELSERKENNTNIS DER ME
    GA221/6: 16 Marker (S.1-176) - DER UNSICHTBARE MENSCH IN UNS DAS DER TH
    GA221/7: 15 Marker (S.1-176) - MORALISCHE ANTRIEBE UND PHYSISCHE WIRKSA
    GA221/8: 15 Marker (S.1-176) - MORALISCHE ANTRIEBE UND PHYSISCHE WIRKSA
    GA221/9: 15 Marker (S.1-176) - MORALISCHE ANTRIEBE UND PHYSISCHE WIRKSA
    GA221/10: 14 Marker (S.1-176) - ZWEITER TEIL
    GA221/11: 4 Marker (S.1-176) - SCHLUSSWORTE
    GA221/12: 4 Marker (S.1-176) - SCHLUSSWORTE

  Gesamt: 149 Marker eingefügt
  Gespeichert in: GA221.json
  Archiviert: GA221.json

============================================================
Verarbeite GA221 (MD)
============================================================
  MD-Ordner: GA221-Erdenwissen und Himmelserkenntnis
  PDF: Steiner, Rudolf GA 221 1998 - Erdenwissen und Himmelserkenntnis.pdf
  Extrahiere PDF-Seiten...
  174 Seiten mit Seitenzahlen
  13 MD-Dateien gefunden
    GA221/1: 15/176 Marker (S.1-176)
    GA221/10: 14/176 Marker (S.1-176)
    GA221/11: 4/176 Marker (S.1-176)
    GA221/12: 4/176 Marker (S.1-176)
    GA221/2: 16/176 Marker (S.1-176)
    GA221/3: 9/176 Marker (S.1-176)
    GA221/4: 13/176 Marker (S.1-176)
    GA221/5: 13/176 Marker (S.1-176)
    GA221/6: 16/176 Marker (S.1-176)
    GA221/7: 15/176 Marker (S.1-176)
    GA221/8: 15/176 Marker (S.1-176)
    GA221/9: 15/176 Marker (S.1-176)

  Gesamt: 149 Marker in 12 Dateien
  JSON: 0 Marker
  MD: 0 Marker

============================================================
Verarbeite GA222
============================================================

============================================================
Verarbeite GA222
============================================================
  PDF: Steiner, Rudolf GA 222 1989 - Die Impulsierung des weltgeschichtlichen Geschehens durch geistige Mächte.pdf
  Extrahiere PDF-Seiten...
  136 Seiten mit Seitenzahlen
  7 Vorträge geladen
    GA222/1: 15 Marker (S.1-136) - ERSTER VORTRAG
    GA222/2: 18 Marker (S.1-136) - ZWEITER VORTRAG
    GA222/3: 13 Marker (S.1-136) - DRITTER VORTRAG
    GA222/4: 14 Marker (S.1-136) - VIERTER VORTRAG
    GA222/5: 17 Marker (S.1-136) - FÜNFTER VORTRAG
    GA222/6: 16 Marker (S.1-136) - SECHSTER VORTRAG
    GA222/7: 12 Marker (S.1-136) - SIEBENTER VORTRAG

  Gesamt: 105 Marker eingefügt
  Gespeichert in: GA222.json
  Archiviert: GA222.json

============================================================
Verarbeite GA222 (MD)
============================================================
  MD-Ordner: GA222-Die Impulsierung des weltgeschichtlichen Geschehens durch geistige Mächte
  PDF: Steiner, Rudolf GA 222 1989 - Die Impulsierung des weltgeschichtlichen Geschehens durch geistige Mächte.pdf
  Extrahiere PDF-Seiten...
  136 Seiten mit Seitenzahlen
  8 MD-Dateien gefunden
    GA222/1: 15/136 Marker (S.1-136)
    GA222/2: 18/136 Marker (S.1-136)
    GA222/3: 13/136 Marker (S.1-136)
    GA222/4: 14/136 Marker (S.1-136)
    GA222/5: 17/136 Marker (S.1-136)
    GA222/6: 16/136 Marker (S.1-136)
    GA222/7: 12/136 Marker (S.1-136)

  Gesamt: 105 Marker in 7 Dateien
  JSON: 0 Marker
  MD: 0 Marker

============================================================
Verarbeite GA223
============================================================

============================================================
Verarbeite GA223
============================================================
  PDF: Steiner, Rudolf GA 223 1990 - Der Jahreskreislauf als Atmungsvorgang der Erde.pdf
  Extrahiere PDF-Seiten...
  173 Seiten mit Seitenzahlen
  9 Vorträge geladen
    GA223/1: 14 Marker (S.1-174) - ERSTER VORTRAG
    GA223/2: 11 Marker (S.1-174) - ZWEITER VORTRAG
    GA223/3: 14 Marker (S.1-174) - DRITTER VORTRAG
    GA223/4: 14 Marker (S.1-174) - VIERTER VORTRAG
    GA223/5: 5 Marker (S.1-174) - FÜNFTER VORTRAG
    GA223/6: 18 Marker (S.1-174) - Die Anthroposophie und das menschliche G
    GA223/7: 17 Marker (S.1-174) - Die Anthroposophie und das menschliche G
    GA223/8: 6 Marker (S.1-174) - Die Anthroposophie und das menschliche G
    GA223/9: 6 Marker (S.1-174) - Die Anthroposophie und das menschliche G

  Gesamt: 105 Marker eingefügt
  Gespeichert in: GA223.json
  Archiviert: GA223.json

============================================================
Verarbeite GA223 (MD)
============================================================
  MD-Ordner: GA223-Der Jahreskreislauf als Atmungsvorgang der Erde und die vier großen Festeszeiten
  PDF: Steiner, Rudolf GA 223 1990 - Der Jahreskreislauf als Atmungsvorgang der Erde.pdf
  Extrahiere PDF-Seiten...
  173 Seiten mit Seitenzahlen
  10 MD-Dateien gefunden
    GA223/1: 14/174 Marker (S.1-174)
    GA223/2: 11/174 Marker (S.1-174)
    GA223/3: 14/174 Marker (S.1-174)
    GA223/4: 14/174 Marker (S.1-174)
    GA223/5: 5/174 Marker (S.1-174)
    GA223/6: 18/174 Marker (S.1-174)
    GA223/7: 17/174 Marker (S.1-174)
    GA223/8: 6/174 Marker (S.1-174)
    GA223/9: 6/174 Marker (S.1-174)

  Gesamt: 105 Marker in 9 Dateien
  JSON: 0 Marker
  MD: 0 Marker

============================================================
Verarbeite GA224
============================================================

============================================================
Verarbeite GA224
============================================================
  PDF: Steiner, Rudolf GA 224 1992 - Die menschliche Seele in ihrem Zusammenhang mit göttlich-geistigen Individualitäten.pdf
  Extrahiere PDF-Seiten...
  237 Seiten mit Seitenzahlen
  11 Vorträge geladen
    GA224/1: 23 Marker (S.1-238) - SCHICKSALSGESTALTUNG IN SCHLAFEN UND WAC
    GA224/2: 14 Marker (S.1-238) - DER INDIVIDUALISIERTE LOGOS UND DIE KUNS
    GA224/3: 16 Marker (S.1-238) - UNSER GEDANKENLEBEN IN SCHLAFEN UND WACH
    GA224/4: 21 Marker (S.1-238) - MAUTHNERS «KRITIK DER SPRACHE» DIE UNZUL
    GA224/5: 10 Marker (S.1-238) - DIE VIER WESENSGLIEDER DES MENSCHEN DER 
    GA224/6: 7 Marker (S.1-238) - DREI ETAPPEN DES ERWACHENS DER MENSCHLIC
    GA224/7: 17 Marker (S.1-238) - ANTHROPOSOPHIE DER WEG ZU EINEM VERTIEFT
    GA224/8: 4 Marker (S.1-238) - DIE HIMMELFAHRTSOFFENBARUNG UND DAS PFIN
    GA224/9: 4 Marker (S.1-238) - JOHANNISTIMMUNG DER GESCHÄRFTE JOHANNIBL
    GA224/10: 8 Marker (S.1-238) - WIEDERGEWINNUNG DES LEBENDIGEN SPRACHQUE
    GA224/11: 8 Marker (S.1-238) - DIE SCHAFFUNG EINES MICHAEL-FESTES AUS D

  Gesamt: 132 Marker eingefügt
  Gespeichert in: GA224.json
  Archiviert: GA224.json

============================================================
Verarbeite GA224 (MD)
============================================================
  MD-Ordner: GA224-Die menschliche Seele in ihrem Zusammenhang mit göttlich geistigen Individualitäten
  PDF: Steiner, Rudolf GA 224 1992 - Die menschliche Seele in ihrem Zusammenhang mit göttlich-geistigen Individualitäten.pdf
  Extrahiere PDF-Seiten...
  237 Seiten mit Seitenzahlen
  12 MD-Dateien gefunden
    GA224/1: 23/238 Marker (S.1-238)
    GA224/10: 8/238 Marker (S.1-238)
    GA224/11: 8/238 Marker (S.1-238)
    GA224/2: 14/238 Marker (S.1-238)
    GA224/3: 16/238 Marker (S.1-238)
    GA224/4: 21/238 Marker (S.1-238)
    GA224/5: 10/238 Marker (S.1-238)
    GA224/6: 7/238 Marker (S.1-238)
    GA224/7: 17/238 Marker (S.1-238)
    GA224/8: 4/238 Marker (S.1-238)
    GA224/9: 4/238 Marker (S.1-238)

  Gesamt: 132 Marker in 11 Dateien
  JSON: 0 Marker
  MD: 0 Marker

============================================================
Verarbeite GA225
============================================================

============================================================
Verarbeite GA225
============================================================
  PDF: Steiner, Rudolf GA 225 1990 - Drei Perspektiven der Anthroposophie.pdf
  Extrahiere PDF-Seiten...
  232 Seiten mit Seitenzahlen
  12 Vorträge geladen
    GA225/1: 19 Marker (S.1-232) - DAS WESEN DER GEISTIGEN KRISIS DES NEUNZ
    GA225/2: 15 Marker (S.1-232) - DAS MYSTERIUM DES KOPFES UND DAS DES UNT
    GA225/3: 15 Marker (S.1-232) - KULTURPHÄNOMEN
    GA225/4: 15 Marker (S.1-232) - EINE JAHRHUNDERTBETRACHTUNG 1823 BIS 192
    GA225/5: 17 Marker (S.1-232) - GEMEINSCHAFTSBILDUNGEN IN MITTELEUROPA
    GA225/6: 16 Marker (S.1-232) - DIE EUROPÄISCHE KULTUR UND IHR ZUSAMMENH
    GA225/7: 17 Marker (S.1-232) - DIE GNOSTISCHEN GRUNDLAGEN DES VORCHRIST
    GA225/8: 3 Marker (S.1-232) - DREI PERSPEKTIVEN DER ANTHROPOSOPHIE. DI
    GA225/9: 7 Marker (S.1-232) - DREI PERSPEKTIVEN DER ANTHROPOSOPHIE. DI
    GA225/10: 16 Marker (S.1-232) - DREI PERSPEKTIVEN DER ANTHROPOSOPHIE. DI
    GA225/11: 11 Marker (S.1-232) - DIE TRAUMESWELT ALS EINE ÜBERGANGSSTRÖMU
    GA225/12: 18 Marker (S.1-232) - JAKOB BÖHME

  Gesamt: 169 Marker eingefügt
  Gespeichert in: GA225.json
  Archiviert: GA225.json

============================================================
Verarbeite GA225 (MD)
============================================================
  MD-Ordner: GA225-Drei Perspektiven der Anthroposophie
  PDF: Steiner, Rudolf GA 225 1990 - Drei Perspektiven der Anthroposophie.pdf
  Extrahiere PDF-Seiten...
  232 Seiten mit Seitenzahlen
  13 MD-Dateien gefunden
    GA225/1: 19/232 Marker (S.1-232)
    GA225/10: 16/232 Marker (S.1-232)
    GA225/11: 11/232 Marker (S.1-232)
    GA225/12: 18/232 Marker (S.1-232)
    GA225/2: 15/232 Marker (S.1-232)
    GA225/3: 15/232 Marker (S.1-232)
    GA225/4: 15/232 Marker (S.1-232)
    GA225/5: 17/232 Marker (S.1-232)
    GA225/6: 16/232 Marker (S.1-232)
    GA225/7: 17/232 Marker (S.1-232)
    GA225/8: 3/232 Marker (S.1-232)
    GA225/9: 7/232 Marker (S.1-232)

  Gesamt: 169 Marker in 12 Dateien
  JSON: 0 Marker
  MD: 0 Marker

============================================================
Verarbeite GA226
============================================================

============================================================
Verarbeite GA226
============================================================
  PDF: Steiner, Rudolf GA 226 1988 - Menschenwesen, Menschenschicksal und Welt-Entwickelung.pdf
  Extrahiere PDF-Seiten...
  143 Seiten mit Seitenzahlen
  7 Vorträge geladen
    GA226/1: 17 Marker (S.1-144) - ERSTER VORTRAG
    GA226/2: 18 Marker (S.1-144) - ZWEITER VORTRAG
    GA226/3: 16 Marker (S.1-144) - DRITTER VORTRAG
    GA226/4: 19 Marker (S.1-144) - VIERTER VORTRAG
    GA226/5: 20 Marker (S.1-144) - FÜNFTER VORTRAG
    GA226/6: 22 Marker (S.1-144) - SECHSTER VORTRAG
    GA226/7: 10 Marker (S.1-144) - SIEBENTER VORTRAG

  Gesamt: 122 Marker eingefügt
  Gespeichert in: GA226.json
  Archiviert: GA226.json

============================================================
Verarbeite GA226 (MD)
============================================================
  MD-Ordner: GA226-Menschenwesen  Menschenschicksal und Welt-Entwickelung
  PDF: Steiner, Rudolf GA 226 1988 - Menschenwesen, Menschenschicksal und Welt-Entwickelung.pdf
  Extrahiere PDF-Seiten...
  143 Seiten mit Seitenzahlen
  8 MD-Dateien gefunden
    GA226/1: 17/144 Marker (S.1-144)
    GA226/2: 18/144 Marker (S.1-144)
    GA226/3: 16/144 Marker (S.1-144)
    GA226/4: 19/144 Marker (S.1-144)
    GA226/5: 20/144 Marker (S.1-144)
    GA226/6: 22/144 Marker (S.1-144)
    GA226/7: 10/144 Marker (S.1-144)

  Gesamt: 122 Marker in 7 Dateien
  JSON: 0 Marker
  MD: 0 Marker

============================================================
Verarbeite GA227
============================================================

============================================================
Verarbeite GA227
============================================================
  PDF: Steiner, Rudolf GA 227 2000 - Initiationserkenntnis.pdf
  Extrahiere PDF-Seiten...
  383 Seiten mit Seitenzahlen
  17 Vorträge geladen
    GA227/1: 6 Marker (S.1-390) - BEGRÜSSUNGSANSPRACHE
    GA227/2: 22 Marker (S.1-390) - ERSTER VORTRAG
    GA227/3: 20 Marker (S.1-390) - ZWEITER VORTRAG
    GA227/4: 9 Marker (S.1-390) - FRAGENBEANTWORTUNG
    GA227/5: 12 Marker (S.1-390) - DRITTER VORTRAG
    GA227/6: 11 Marker (S.1-390) - FRAGENBEANTWORTUNG
    GA227/7: 12 Marker (S.1-390) - VIERTER VORTRAG
    GA227/8: 20 Marker (S.1-390) - FÜNFTER VORTRAG
    GA227/9: 9 Marker (S.1-390) - SECHSTER VORTRAG
    GA227/10: 19 Marker (S.1-390) - SIEBENTER VORTRAG
    GA227/11: 19 Marker (S.1-390) - ACHTER VORTRAG
    GA227/12: 8 Marker (S.1-390) - NEUNTER VORTRAG
    GA227/13: 8 Marker (S.1-390) - ZEHNTER VORTRAG
    GA227/14: 7 Marker (S.1-390) - ELFTER VORTRAG
    GA227/15: 13 Marker (S.1-390) - ZWÖLFTER VORTRAG
    GA227/16: 16 Marker (S.1-390) - DREIZEHNTER VORTRAG
    GA227/17: 17 Marker (S.1-390) - ABSCHIEDSANSPRACHE

  Gesamt: 228 Marker eingefügt
  Gespeichert in: GA227.json
  Archiviert: GA227.json

============================================================
Verarbeite GA227 (MD)
============================================================
  MD-Ordner: GA227-Initiations-Erkenntnis. Die geistige und physische Welt- und Menschheitsentwickelung
  PDF: Steiner, Rudolf GA 227 2000 - Initiationserkenntnis.pdf
  Extrahiere PDF-Seiten...
  383 Seiten mit Seitenzahlen
  18 MD-Dateien gefunden
    GA227/1: 6/390 Marker (S.1-390)
    GA227/10: 19/390 Marker (S.1-390)
    GA227/11: 19/390 Marker (S.1-390)
    GA227/12: 8/390 Marker (S.1-390)
    GA227/13: 8/390 Marker (S.1-390)
    GA227/14: 7/390 Marker (S.1-390)
    GA227/15: 13/390 Marker (S.1-390)
    GA227/16: 16/390 Marker (S.1-390)
    GA227/17: 17/390 Marker (S.1-390)
    GA227/2: 22/390 Marker (S.1-390)
    GA227/3: 20/390 Marker (S.1-390)
    GA227/4: 9/390 Marker (S.1-390)
    GA227/5: 12/390 Marker (S.1-390)
    GA227/6: 11/390 Marker (S.1-390)
    GA227/7: 12/390 Marker (S.1-390)
    GA227/8: 20/390 Marker (S.1-390)
    GA227/9: 9/390 Marker (S.1-390)

  Gesamt: 228 Marker in 17 Dateien
  JSON: 0 Marker
  MD: 0 Marker

============================================================
Verarbeite GA228
============================================================

============================================================
Verarbeite GA228
============================================================
  PDF: Steiner, Rudolf GA 228 2002 - Initiationswissenschaft und Sternenerkenntnis.pdf
  Extrahiere PDF-Seiten...
  192 Seiten mit Seitenzahlen
  8 Vorträge geladen
    GA228/1: 15 Marker (S.1-192) - DIE GEISTIGEN INDIVIDUALITÄTEN UNSERES P
    GA228/2: 18 Marker (S.1-192) - DIE GEISTIGEN INDIVIDUALITÄTEN UNSERES P
    GA228/3: 6 Marker (S.1-192) - DIE GEISTIGEN INDIVIDUALITÄTEN UNSERES P
    GA228/4: 7 Marker (S.1-192) - DER MENSCH ALS BILD GEISTIGER WESEN UND 
    GA228/6: 15 Marker (S.1-192) - DIE SONNENINITIATION DES DRUIDENPRIESTER
    GA228/7: 20 Marker (S.1-192) - DER MENSCH IN VERGANGENHEIT
    GA228/8: 5 Marker (S.1-192) - DER MENSCH IN VERGANGENHEIT
    GA228/9: 3 Marker (S.1-192) - DER MENSCH IN VERGANGENHEIT

  Gesamt: 89 Marker eingefügt
  Gespeichert in: GA228.json
  Archiviert: GA228.json

============================================================
Verarbeite GA228 (MD)
============================================================
  MD-Ordner: GA228-Initiationswissenschaft und Sternenerkenntnis
  PDF: Steiner, Rudolf GA 228 2002 - Initiationswissenschaft und Sternenerkenntnis.pdf
  Extrahiere PDF-Seiten...
  192 Seiten mit Seitenzahlen
  10 MD-Dateien gefunden
    GA228/1: 15/192 Marker (S.1-192)
    GA228/2: 18/192 Marker (S.1-192)
    GA228/3: 6/192 Marker (S.1-192)
    GA228/4: 7/192 Marker (S.1-192)
    GA228/5: 20/192 Marker (S.1-192)
    GA228/6: 15/192 Marker (S.1-192)
    GA228/7: 20/192 Marker (S.1-192)
    GA228/8: 5/192 Marker (S.1-192)
    GA228/9: 3/192 Marker (S.1-192)

  Gesamt: 109 Marker in 9 Dateien
  JSON: 0 Marker
  MD: 0 Marker

============================================================
Verarbeite GA229
============================================================

============================================================
Verarbeite GA229
============================================================
  PDF: Steiner, Rudolf GA 229 1999 - Das Miterleben des Jahreslaufes in vier kosmischen Imaginationen.pdf
  Extrahiere PDF-Seiten...
  116 Seiten mit Seitenzahlen
  5 Vorträge geladen
    GA229/1: 15 Marker (S.1-110) - ERSTER VORTRAG
    GA229/2: 18 Marker (S.1-110) - ZWEITER VORTRAG
    GA229/3: 7 Marker (S.1-110) - DRITTER VORTRAG
    GA229/4: 22 Marker (S.1-110) - VIERTER VORTRAG
    GA229/5: 16 Marker (S.1-110) - DIE MICHAEL–IMAGINATION GEISTIGE MEILENZ

  Gesamt: 78 Marker eingefügt
  Gespeichert in: GA229.json
  Archiviert: GA229.json

============================================================
Verarbeite GA229 (MD)
============================================================
  MD-Ordner: GA229-Das Miterleben des Jahreslaufes in vier kosmischen Imaginationen
  PDF: Steiner, Rudolf GA 229 1999 - Das Miterleben des Jahreslaufes in vier kosmischen Imaginationen.pdf
  Extrahiere PDF-Seiten...
  116 Seiten mit Seitenzahlen
  6 MD-Dateien gefunden
    GA229/1: 15/110 Marker (S.1-110)
    GA229/2: 18/110 Marker (S.1-110)
    GA229/3: 7/110 Marker (S.1-110)
    GA229/4: 22/110 Marker (S.1-110)
    GA229/5: 16/110 Marker (S.1-110)

  Gesamt: 78 Marker in 5 Dateien
  JSON: 0 Marker
  MD: 0 Marker

============================================================
Verarbeite GA230
============================================================

============================================================
Verarbeite GA230
============================================================
  PDF: Steiner, Rudolf GA 230 Tafelzeichnungen.pdf
  Extrahiere PDF-Seiten...
  0 Seiten mit Seitenzahlen

============================================================
Verarbeite GA230 (MD)
============================================================
  MD-Ordner: GA230-Der Mensch als Zusammenklang des schaffenden
  PDF: Steiner, Rudolf GA 230 Tafelzeichnungen.pdf
  Extrahiere PDF-Seiten...
  0 Seiten mit Seitenzahlen
  JSON: 0 Marker
  MD: 0 Marker

============================================================
Verarbeite GA231
============================================================

============================================================
Verarbeite GA231
============================================================
  PDF: Steiner, Rudolf GA 231 1999 - Der übersinnliche Mensch anthroposophisch erfasst.pdf
  Extrahiere PDF-Seiten...
  168 Seiten mit Seitenzahlen
  7 Vorträge geladen
    GA231/1: 23 Marker (S.1-168) - ANTHROPOSOPHIE ALS ZEITFORDERUNG. Öffent
    GA231/2: 24 Marker (S.1-168) - ANTHROPOSOPHIE ALS MENSCHLICH–PERSÖNLICH
    GA231/3: 4 Marker (S.1-168) - ERSTER VORTRAG
    GA231/4: 5 Marker (S.1-168) - ZWEITER VORTRAG
    GA231/5: 2 Marker (S.1-168) - DRITTER VORTRAG
    GA231/6: 2 Marker (S.1-168) - VIERTER VORTRAG
    GA231/7: 3 Marker (S.1-168) - FÜNFTER VORTRAG

  Gesamt: 63 Marker eingefügt
  Gespeichert in: GA231.json
  Archiviert: GA231.json

============================================================
Verarbeite GA231 (MD)
============================================================
  MD-Ordner: GA231-Der übersinnliche Mensch - anthroposophisch erfasst
  PDF: Steiner, Rudolf GA 231 1999 - Der übersinnliche Mensch anthroposophisch erfasst.pdf
  Extrahiere PDF-Seiten...
  168 Seiten mit Seitenzahlen
  8 MD-Dateien gefunden
    GA231/1: 23/168 Marker (S.1-168)
    GA231/2: 24/168 Marker (S.1-168)
    GA231/3: 4/168 Marker (S.1-168)
    GA231/4: 5/168 Marker (S.1-168)
    GA231/5: 2/168 Marker (S.1-168)
    GA231/6: 2/168 Marker (S.1-168)
    GA231/7: 3/168 Marker (S.1-168)

  Gesamt: 63 Marker in 7 Dateien
  JSON: 0 Marker
  MD: 0 Marker

============================================================
Verarbeite GA232
============================================================

============================================================
Verarbeite GA232
============================================================
  PDF: Steiner, Rudolf GA 232, 1998 - Mysteriengestaltungen.pdf
  Extrahiere PDF-Seiten...
  245 Seiten mit Seitenzahlen
  17 Vorträge geladen
    GA232/1: 12 Marker (S.1-248) - ERSTER VORTRAG
    GA232/2: 16 Marker (S.1-248) - ZWEITER VORTRAG
    GA232/3: 16 Marker (S.1-248) - DRITTER VORTRAG
    GA232/4: 15 Marker (S.1-248) - VIERTER VORTRAG
    GA232/5: 14 Marker (S.1-248) - FÜNFTER VORTRAG
    GA232/6: 13 Marker (S.1-248) - SECHSTER VORTRAG
    GA232/7: 11 Marker (S.1-248) - SIEBENTER VORTRAG
    GA232/8: 12 Marker (S.1-248) - ACHTER VORTRAG
    GA232/9: 18 Marker (S.1-248) - NEUNTER VORTRAG
    GA232/10: 4 Marker (S.1-248) - ZEHNTER VORTRAG
    GA232/11: 11 Marker (S.1-248) - ELFTER VORTRAG
    GA232/12: 13 Marker (S.1-248) - ZWÖLFTER VORTRAG
    GA232/13: 13 Marker (S.1-248) - DREIZEHNTER VORTRAG
    GA232/14: 11 Marker (S.1-248) - VIERZEHNTER VORTRAG
    GA232/15: 5 Marker (S.1-248) - Einleitende Worte vor dem Vortrag
    GA232/16: 6 Marker (S.1-248) - Einleitende Worte vor dem Vortrag
    GA232/17: 5 Marker (S.1-248) - Einleitende Worte vor dem Vortrag

  Gesamt: 195 Marker eingefügt
  Gespeichert in: GA232.json
  Archiviert: GA232.json

============================================================
Verarbeite GA232 (MD)
============================================================
  MD-Ordner: GA232-Mysteriengestaltungen
  PDF: Steiner, Rudolf GA 232, 1998 - Mysteriengestaltungen.pdf
  Extrahiere PDF-Seiten...
  245 Seiten mit Seitenzahlen
  18 MD-Dateien gefunden
    GA232/1: 12/248 Marker (S.1-248)
    GA232/10: 4/248 Marker (S.1-248)
    GA232/11: 11/248 Marker (S.1-248)
    GA232/12: 13/248 Marker (S.1-248)
    GA232/13: 13/248 Marker (S.1-248)
    GA232/14: 11/248 Marker (S.1-248)
    GA232/15: 5/248 Marker (S.1-248)
    GA232/16: 6/248 Marker (S.1-248)
    GA232/17: 5/248 Marker (S.1-248)
    GA232/2: 16/248 Marker (S.1-248)
    GA232/3: 15/248 Marker (S.1-248)
    GA232/4: 15/248 Marker (S.1-248)
    GA232/5: 14/248 Marker (S.1-248)
    GA232/6: 13/248 Marker (S.1-248)
    GA232/7: 11/248 Marker (S.1-248)
    GA232/8: 12/248 Marker (S.1-248)
    GA232/9: 18/248 Marker (S.1-248)

  Gesamt: 194 Marker in 17 Dateien
  JSON: 0 Marker
  MD: 0 Marker

============================================================
Verarbeite GA233
============================================================

============================================================
Verarbeite GA233
============================================================
  PDF: Steiner, Rudolf GA 233 1991 - Die Weltgeschichte in anthroposophischer Beleuchtung.pdf
  Extrahiere PDF-Seiten...
  173 Seiten mit Seitenzahlen
  9 Vorträge geladen
    GA233/1: 16 Marker (S.1-174) - DIE WELTGESCHICHTE IN ANTHROPOSOPHISCHER
    GA233/2: 14 Marker (S.1-174) - ZWEITER VORTRAG
    GA233/3: 17 Marker (S.1-174) - DRITTER VORTRAG
    GA233/4: 20 Marker (S.1-174) - VIERTER VORTRAG
    GA233/5: 8 Marker (S.1-174) - FÜNFTER VORTRAG
    GA233/6: 10 Marker (S.1-174) - SECHSTER VORTRAG
    GA233/7: 18 Marker (S.1-174) - SIEBENTER VORTRAG
    GA233/8: 13 Marker (S.1-174) - ACHTER VORTRAG
    GA233/9: 15 Marker (S.1-174) - NEUNTER VORTRAG

  Gesamt: 131 Marker eingefügt
  Gespeichert in: GA233.json
  Archiviert: GA233.json

============================================================
Verarbeite GA233 (MD)
============================================================
  MD-Ordner: GA233-Die Weltgeschichte in anthroposophischer Beleuchtung und als Grundlage der Erkenntnis des Menschengeistes
  PDF: Steiner, Rudolf GA 233 1991 - Die Weltgeschichte in anthroposophischer Beleuchtung.pdf
  Extrahiere PDF-Seiten...
  173 Seiten mit Seitenzahlen
  10 MD-Dateien gefunden
    GA233/1: 16/174 Marker (S.1-174)
    GA233/2: 14/174 Marker (S.1-174)
    GA233/3: 17/174 Marker (S.1-174)
    GA233/4: 20/174 Marker (S.1-174)
    GA233/5: 8/174 Marker (S.1-174)
    GA233/6: 10/174 Marker (S.1-174)
    GA233/7: 18/174 Marker (S.1-174)
    GA233/8: 13/174 Marker (S.1-174)
    GA233/9: 13/174 Marker (S.1-174)

  Gesamt: 129 Marker in 9 Dateien
  JSON: 0 Marker
  MD: 0 Marker

============================================================
Verarbeite GA234
============================================================

============================================================
Verarbeite GA234
============================================================
  PDF: Steiner, Rudolf GA 234, 1994 - Anthroposophie, eine Zusammenfassung.pdf
  Extrahiere PDF-Seiten...
  167 Seiten mit Seitenzahlen
  9 Vorträge geladen
    GA234/1: 16 Marker (S.1-168) - ERSTER VORTRAG
    GA234/2: 16 Marker (S.1-168) - ZWEITER VORTRAG
    GA234/3: 16 Marker (S.1-168) - DRITTER VORTRAG
    GA234/4: 22 Marker (S.1-168) - VIERTER VORTRAG
    GA234/5: 16 Marker (S.1-168) - FÜNFTER VORTRAG
    GA234/6: 17 Marker (S.1-168) - SECHSTER VORTRAG
    GA234/7: 15 Marker (S.1-168) - SIEBENTER VORTRAG
    GA234/8: 10 Marker (S.1-168) - ACHTER VORTRAG
    GA234/9: 13 Marker (S.1-168) - NEUNTER VORTRAG

  Gesamt: 141 Marker eingefügt
  Gespeichert in: GA234.json
  Archiviert: GA234.json

============================================================
Verarbeite GA234 (MD)
============================================================
  MD-Ordner: GA234-Anthroposophie
  PDF: Steiner, Rudolf GA 234, 1994 - Anthroposophie, eine Zusammenfassung.pdf
  Extrahiere PDF-Seiten...
  167 Seiten mit Seitenzahlen
  10 MD-Dateien gefunden
    GA234/1: 16/168 Marker (S.1-168)
    GA234/2: 16/168 Marker (S.1-168)
    GA234/3: 16/168 Marker (S.1-168)
    GA234/4: 22/168 Marker (S.1-168)
    GA234/5: 16/168 Marker (S.1-168)
    GA234/6: 17/168 Marker (S.1-168)
    GA234/7: 15/168 Marker (S.1-168)
    GA234/8: 10/168 Marker (S.1-168)
    GA234/9: 13/168 Marker (S.1-168)

  Gesamt: 141 Marker in 9 Dateien
  JSON: 0 Marker
  MD: 0 Marker

============================================================
Verarbeite GA235
============================================================

============================================================
Verarbeite GA235
============================================================
  PDF: Steiner, Rudolf GA 235 1994 - Esoterische Betrachtungen karmischer Zusammenhänge (I).pdf
  Extrahiere PDF-Seiten...
  227 Seiten mit Seitenzahlen
  12 Vorträge geladen
    GA235/1: 15 Marker (S.1-230) - ERSTER VORTRAG
    GA235/2: 19 Marker (S.1-230) - ZWEITER VORTRAG
    GA235/3: 6 Marker (S.1-230) - DRITTER VORTRAG
    GA235/4: 16 Marker (S.1-230) - VIERTER VORTRAG
    GA235/5: 12 Marker (S.1-230) - FÜNFTER VORTRAG
    GA235/6: 5 Marker (S.1-230) - SECHSTER VORTRAG
    GA235/7: 17 Marker (S.1-230) - SIEBENTER VORTRAG
    GA235/8: 18 Marker (S.1-230) - ACHTER VORTRAG
    GA235/9: 12 Marker (S.1-230) - NEUNTER VORTRAG
    GA235/10: 12 Marker (S.1-230) - ZEHNTER VORTRAG
    GA235/11: 16 Marker (S.1-230) - ELFTER VORTRAG
    GA235/12: 17 Marker (S.1-230) - ZWÖLFTER VORTRAG

  Gesamt: 165 Marker eingefügt
  Gespeichert in: GA235.json
  Archiviert: GA235.json

============================================================
Verarbeite GA235 (MD)
============================================================
  MD-Ordner: GA235-Esoterische Betrachtungen karmischer Zusammenhänge. Band I
  PDF: Steiner, Rudolf GA 235 1994 - Esoterische Betrachtungen karmischer Zusammenhänge (I).pdf
  Extrahiere PDF-Seiten...
  227 Seiten mit Seitenzahlen
  13 MD-Dateien gefunden
    GA235/1: 15/230 Marker (S.1-230)
    GA235/10: 12/230 Marker (S.1-230)
    GA235/11: 16/230 Marker (S.1-230)
    GA235/12: 17/230 Marker (S.1-230)
    GA235/2: 19/230 Marker (S.1-230)
    GA235/3: 6/230 Marker (S.1-230)
    GA235/4: 17/230 Marker (S.1-230)
    GA235/5: 12/230 Marker (S.1-230)
    GA235/6: 5/230 Marker (S.1-230)
    GA235/7: 17/230 Marker (S.1-230)
    GA235/8: 18/230 Marker (S.1-230)
    GA235/9: 12/230 Marker (S.1-230)

  Gesamt: 166 Marker in 12 Dateien
  JSON: 0 Marker
  MD: 0 Marker

============================================================
Verarbeite GA236
============================================================

============================================================
Verarbeite GA236
============================================================
  PDF: Steiner, Rudolf GA 236 1988 - Esoterische Betrachtungen karmischer Zusammenhänge (II).pdf
  Extrahiere PDF-Seiten...
  309 Seiten mit Seitenzahlen
  17 Vorträge geladen
    GA236/1: 14 Marker (S.1-312) - ERSTER VORTRAG
    GA236/2: 15 Marker (S.1-312) - ZWEITER VORTRAG
    GA236/3: 16 Marker (S.1-312) - DRITTER VORTRAG
    GA236/4: 15 Marker (S.1-312) - VIERTER VORTRAG
    GA236/5: 15 Marker (S.1-312) - FÜNFTER VORTRAG
    GA236/6: 11 Marker (S.1-312) - SECHSTER VORTRAG
    GA236/7: 16 Marker (S.1-312) - SIEBENTER VORTRAG
    GA236/8: 3 Marker (S.1-312) - ACHTER VORTRAG
    GA236/9: 4 Marker (S.1-312) - NEUNTER VORTRAG
    GA236/10: 14 Marker (S.1-312) - ZEHNTER VORTRAG
    GA236/11: 8 Marker (S.1-312) - ELFTER VORTRAG
    GA236/12: 8 Marker (S.1-312) - ZWÖLFTER VORTRAG
    GA236/13: 8 Marker (S.1-312) - DREIZEHNTER VORTRAG
    GA236/14: 12 Marker (S.1-312) - VIERZEHNTER VORTRAG
    GA236/15: 16 Marker (S.1-312) - FÜNFZEHNTER VORTRAG
    GA236/16: 6 Marker (S.1-312) - SECHZEHNTER VORTRAG
    GA236/17: 10 Marker (S.1-312) - SIEBZEHNTER VORTRAG

  Gesamt: 191 Marker eingefügt
  Gespeichert in: GA236.json
  Archiviert: GA236.json

============================================================
Verarbeite GA236 (MD)
============================================================
  MD-Ordner: GA236-Esoterische Betrachtungen karmischer Zusammenhänge. Band II
  PDF: Steiner, Rudolf GA 236 1988 - Esoterische Betrachtungen karmischer Zusammenhänge (II).pdf
  Extrahiere PDF-Seiten...
  309 Seiten mit Seitenzahlen
  18 MD-Dateien gefunden
    GA236/1: 14/312 Marker (S.1-312)
    GA236/10: 14/312 Marker (S.1-312)
    GA236/11: 8/312 Marker (S.1-312)
    GA236/12: 8/312 Marker (S.1-312)
    GA236/13: 8/312 Marker (S.1-312)
    GA236/14: 12/312 Marker (S.1-312)
    GA236/15: 16/312 Marker (S.1-312)
    GA236/16: 6/312 Marker (S.1-312)
    GA236/17: 10/312 Marker (S.1-312)
    GA236/2: 15/312 Marker (S.1-312)
    GA236/3: 15/312 Marker (S.1-312)
    GA236/4: 15/312 Marker (S.1-312)
    GA236/5: 15/312 Marker (S.1-312)
    GA236/6: 11/312 Marker (S.1-312)
    GA236/7: 16/312 Marker (S.1-312)
    GA236/8: 3/312 Marker (S.1-312)
    GA236/9: 4/312 Marker (S.1-312)

  Gesamt: 190 Marker in 17 Dateien
  JSON: 0 Marker
  MD: 0 Marker

============================================================
Verarbeite GA237
============================================================

============================================================
Verarbeite GA237
============================================================
  PDF: Steiner, Rudolf GA 237 1991 - Esoterische Betrachtungen karmischer Zusammenhänge (III).pdf
  Extrahiere PDF-Seiten...
  188 Seiten mit Seitenzahlen
  11 Vorträge geladen
    GA237/1: 15 Marker (S.1-188) - ERSTER VORTRAG
    GA237/2: 15 Marker (S.1-188) - ZWEITER VORTRAG
    GA237/3: 8 Marker (S.1-188) - DRITTER VORTRAG
    GA237/4: 6 Marker (S.1-188) - VIERTER VORTRAG
    GA237/5: 9 Marker (S.1-188) - FÜNFTER VORTRAG
    GA237/6: 14 Marker (S.1-188) - SECHSTER VORTRAG
    GA237/7: 9 Marker (S.1-188) - SIEBENTER VORTRAG
    GA237/8: 11 Marker (S.1-188) - ACHTER VORTRAG
    GA237/9: 14 Marker (S.1-188) - NEUNTER VORTRAG
    GA237/10: 14 Marker (S.1-188) - ZEHNTER VORTRAG
    GA237/11: 9 Marker (S.1-188) - ELFTER VORTRAG

  Gesamt: 124 Marker eingefügt
  Gespeichert in: GA237.json
  Archiviert: GA237.json

============================================================
Verarbeite GA237 (MD)
============================================================
  MD-Ordner: GA237-Esoterische Betrachtungen karmischer Zusammenhänge. Band III
  PDF: Steiner, Rudolf GA 237 1991 - Esoterische Betrachtungen karmischer Zusammenhänge (III).pdf
  Extrahiere PDF-Seiten...
  188 Seiten mit Seitenzahlen
  12 MD-Dateien gefunden
    GA237/1: 15/188 Marker (S.1-188)
    GA237/10: 14/188 Marker (S.1-188)
    GA237/11: 9/188 Marker (S.1-188)
    GA237/2: 15/188 Marker (S.1-188)
    GA237/3: 8/188 Marker (S.1-188)
    GA237/4: 6/188 Marker (S.1-188)
    GA237/5: 9/188 Marker (S.1-188)
    GA237/6: 14/188 Marker (S.1-188)
    GA237/7: 9/188 Marker (S.1-188)
    GA237/8: 11/188 Marker (S.1-188)
    GA237/9: 14/188 Marker (S.1-188)

  Gesamt: 124 Marker in 11 Dateien
  JSON: 0 Marker
  MD: 0 Marker

============================================================
Verarbeite GA238
============================================================

============================================================
Verarbeite GA238
============================================================
  PDF: Steiner, Rudolf GA 238 1991 - Esoterische Betrachtungen karmischer Zusammenhänge (IV).pdf
  Extrahiere PDF-Seiten...
