
############################################################
# Verarbeite GA271 bis GA354
# Log: pagebreaks_ga271-354_20260107_223302.json
############################################################

============================================================
Verarbeite GA271
============================================================

============================================================
Verarbeite GA271
============================================================
  PDF: Steiner, Rudolf GA 271 1985 - Kunst und Kunsterkenntnis.pdf
  Extrahiere PDF-Seiten...
  240 Seiten mit Seitenzahlen
  9 Vorträge geladen
    GA271/1: 23 Marker (S.1-240) - GOETHE ALS VATER EINER NEUEN ÄSTHETIK
    GA271/2: 17 Marker (S.1-240) - DAS WESEN DER KÜNSTE
    GA271/3: 3 Marker (S.1-240) - DAS SINNLICH-ÜBERSINNLICHE IN SEINER VER
    GA271/4: 15 Marker (S.1-240) - DAS SINNLICH-ÜBERSINNLICHE IN SEINER VER
    GA271/5: 10 Marker (S.1-240) - DIE QUELLEN DER KÜNSTLERISCHEN PHANTASIE
    GA271/6: 4 Marker (S.1-240) - DIE QUELLEN DER KÜNSTLERISCHEN PHANTASIE
    GA271/7: 5 Marker (S.1-240) - DAS SINNLICH-ÜBERSINNLICHE GEISTIGE ERKE
    GA271/8: 4 Marker (S.1-240) - DER ÜBERSINNLICHE URSPRUNG DES KÜNSTLERI
    GA271/9: 5 Marker (S.1-240) - DIE PSYCHOLOGIE DER KÜNSTE

  Gesamt: 86 Marker eingefügt
  Gespeichert in: GA271.json
  Archiviert: GA271.json

============================================================
Verarbeite GA271 (MD)
============================================================
  MD-Ordner: GA271-Kunst und Kunsterkenntnis
  PDF: Steiner, Rudolf GA 271 1985 - Kunst und Kunsterkenntnis.pdf
  Extrahiere PDF-Seiten...
  240 Seiten mit Seitenzahlen
  10 MD-Dateien gefunden
    GA271/1: 23/240 Marker (S.1-240)
    GA271/2: 17/240 Marker (S.1-240)
    GA271/3: 3/240 Marker (S.1-240)
    GA271/4: 15/240 Marker (S.1-240)
    GA271/5: 10/240 Marker (S.1-240)
    GA271/6: 4/240 Marker (S.1-240)
    GA271/7: 5/240 Marker (S.1-240)
    GA271/8: 4/240 Marker (S.1-240)
    GA271/9: 5/240 Marker (S.1-240)

  Gesamt: 86 Marker in 9 Dateien
  JSON: 0 Marker
  MD: 0 Marker

============================================================
Verarbeite GA272
============================================================

============================================================
Verarbeite GA272
============================================================
  PDF: Steiner, Rudolf GA 272 1981 - Faust, der strebende Mensch.pdf
  Extrahiere PDF-Seiten...
  336 Seiten mit Seitenzahlen
  16 Vorträge geladen
    GA272/1: 24 Marker (S.1-336) - Goethes Faust vom geisteswissenschaftlic
    GA272/2: 15 Marker (S.1-336) - Das Ringen Fausts nach dem christdurchtr
    GA272/3: 6 Marker (S.1-336) - Das Eindringen Fausts in die geistige We
    GA272/4: 5 Marker (S.1-336) - Pfingststimmung Die Umwandlung der Schul
    GA272/5: 2 Marker (S.1-336) - Die Fauststimmung
    GA272/6: 4 Marker (S.1-336) - Faust
    GA272/7: 3 Marker (S.1-336) - Fausts Himmelfahrt
    GA272/8: 3 Marker (S.1-336) - Mystische Erkenntnis und geistige Offenb
    GA272/9: 4 Marker (S.1-336) - Das Reich der Mütter. Die Mater gloriosa
    GA272/10: 1 Marker (S.1-336) - Die Frage der Notwendigkeit und des Zufa
    GA272/11: 13 Marker (S.1-336) - Weisheit - Schönheit - Güte Michael - Ga
    GA272/12: 4 Marker (S.1-336) - Die historische Bedeutung des Faust
    GA272/13: 22 Marker (S.1-336) - Die Grablegung Das Wesen der Lemuren
    GA272/14: 17 Marker (S.1-336) - Goethes Einblicke in die Geheimnisse des
    GA272/15: 19 Marker (S.1-336) - Ausblicke in die von Goethe gesuchten wa
    GA272/16: 7 Marker (S.1-336) - Goethes Aufsuchen der Tiefen des Werdens

  Gesamt: 149 Marker eingefügt
  Gespeichert in: GA272.json
  Archiviert: GA272.json

============================================================
Verarbeite GA272 (MD)
============================================================
  MD-Ordner: GA272-Geisteswissenschaftliche Erläuterungen zu Goethes Faust Band I Faust der strebende Mensch
  PDF: Steiner, Rudolf GA 272 1981 - Faust, der strebende Mensch.pdf
  Extrahiere PDF-Seiten...
  336 Seiten mit Seitenzahlen
  17 MD-Dateien gefunden
    GA272/1: 24/336 Marker (S.1-336)
    GA272/10: 1/336 Marker (S.1-336)
    GA272/11: 13/336 Marker (S.1-336)
    GA272/12: 4/336 Marker (S.1-336)
    GA272/13: 21/336 Marker (S.1-336)
    GA272/14: 15/336 Marker (S.1-336)
    GA272/15: 19/336 Marker (S.1-336)
    GA272/16: 7/336 Marker (S.1-336)
    GA272/2: 15/336 Marker (S.1-336)
    GA272/3: 6/336 Marker (S.1-336)
    GA272/4: 5/336 Marker (S.1-336)
    GA272/5: 2/336 Marker (S.1-336)
    GA272/6: 4/336 Marker (S.1-336)
    GA272/7: 2/336 Marker (S.1-336)
    GA272/8: 11/336 Marker (S.1-336)
    GA272/9: 4/336 Marker (S.1-336)

  Gesamt: 153 Marker in 16 Dateien
  JSON: 0 Marker
  MD: 0 Marker

============================================================
Verarbeite GA273
============================================================

============================================================
Verarbeite GA273
============================================================
  PDF: Steiner, Rudolf GA 273 1981 - Das Faust Problem.pdf
  Extrahiere PDF-Seiten...
  285 Seiten mit Seitenzahlen
  13 Vorträge geladen
    GA273/1: 28 Marker (S.1-286) - Das Faust-Problem
    GA273/2: 20 Marker (S.1-286) - Die romantische Walpurgisnacht
    GA273/3: 21 Marker (S.1-286) - Goethes Ahnungen nach dem Konkreten hin 
    GA273/4: 13 Marker (S.1-286) - Faust und die Mütter
    GA273/5: 14 Marker (S.1-286) - Faust und das Problem des Bösen
    GA273/6: 14 Marker (S.1-286) - Die Helena-Sage und das Freiheitsrätsel
    GA273/7: 10 Marker (S.1-286) - Geisteswissenschaftliche Ausführungen in
    GA273/8: 4 Marker (S.1-286) - Geisteswissenschaftliche Ausführungen in
    GA273/9: 22 Marker (S.1-286) - Das Seelenleben Goethes vom geisteswisse
    GA273/10: 12 Marker (S.1-286) - Die samothrakischen Kabiren-Mysterien Da
    GA273/11: 10 Marker (S.1-286) - Das Wirklichkeitsschauen in den griechis
    GA273/12: 8 Marker (S.1-286) - Statt Homunkulismus und Mephistophelismu
    GA273/13: 1 Marker (S.1-286) - Ansprache vor der öffentlichen dramatisc

  Gesamt: 177 Marker eingefügt
  Gespeichert in: GA273.json
  Archiviert: GA273.json

============================================================
Verarbeite GA273 (MD)
============================================================
  MD-Ordner: GA273-Geisteswissenschaftliche Erläuterungen zu Goethes Faust
  PDF: Steiner, Rudolf GA 273 1981 - Das Faust Problem.pdf
  Extrahiere PDF-Seiten...
  285 Seiten mit Seitenzahlen
  14 MD-Dateien gefunden
    GA273/1: 28/286 Marker (S.1-286)
    GA273/10: 12/286 Marker (S.1-286)
    GA273/11: 10/286 Marker (S.1-286)
    GA273/12: 8/286 Marker (S.1-286)
    GA273/13: 1/286 Marker (S.1-286)
    GA273/2: 19/286 Marker (S.1-286)
    GA273/3: 21/286 Marker (S.1-286)
    GA273/4: 13/286 Marker (S.1-286)
    GA273/5: 14/286 Marker (S.1-286)
    GA273/6: 14/286 Marker (S.1-286)
    GA273/7: 10/286 Marker (S.1-286)
    GA273/8: 4/286 Marker (S.1-286)
    GA273/9: 22/286 Marker (S.1-286)

  Gesamt: 176 Marker in 13 Dateien
  JSON: 0 Marker
  MD: 0 Marker

============================================================
Verarbeite GA274
============================================================

============================================================
Verarbeite GA274
============================================================
  PDF: Steiner, Rudolf GA 274 1986 - Ansprachen zu den Weihnachtsspielen aus altem Volkstum.pdf
  Extrahiere PDF-Seiten...
  118 Seiten mit Seitenzahlen
  19 Vorträge geladen
    GA274/1: 5 Marker (S.1-118) - VON DEN VOLKSTÜMLICHEN WEIHNACHTSPIELEN.
    GA274/2: 10 Marker (S.1-118) - I Dornach
    GA274/3: 4 Marker (S.1-118) - II Dornach
    GA274/4: 7 Marker (S.1-118) - III Dornach
    GA274/5: 10 Marker (S.1-118) - IV Dornach
    GA274/6: 9 Marker (S.1-118) - V Dornach
    GA274/7: 6 Marker (S.1-118) - VI Dornach
    GA274/8: 6 Marker (S.1-118) - VII Dornach
    GA274/9: 4 Marker (S.1-118) - VIII Dornach
    GA274/10: 5 Marker (S.1-118) - IX Dornach
    GA274/11: 3 Marker (S.1-118) - X Dornach
    GA274/12: 3 Marker (S.1-118) - XI Dornach
    GA274/13: 5 Marker (S.1-118) - XII Dornach
    GA274/14: 5 Marker (S.1-118) - XIII Dornach
    GA274/15: 5 Marker (S.1-118) - XIV Dornach
    GA274/16: 4 Marker (S.1-118) - XV Dornach
    GA274/17: 4 Marker (S.1-118) - XVI Dornach
    GA274/18: 5 Marker (S.1-118) - XVII Dornach
    GA274/19: 5 Marker (S.1-118) - XVIII Dornach

  Gesamt: 105 Marker eingefügt
  Gespeichert in: GA274.json
  Archiviert: GA274.json

============================================================
Verarbeite GA274 (MD)
============================================================
  MD-Ordner: GA274-Ansprachen zu den Weihnachtsspielen aus altem Volkstum
  PDF: Steiner, Rudolf GA 274 1986 - Ansprachen zu den Weihnachtsspielen aus altem Volkstum.pdf
  Extrahiere PDF-Seiten...
  118 Seiten mit Seitenzahlen
  20 MD-Dateien gefunden
    GA274/1: 5/118 Marker (S.1-118)
    GA274/10: 5/118 Marker (S.1-118)
    GA274/11: 3/118 Marker (S.1-118)
    GA274/12: 3/118 Marker (S.1-118)
    GA274/13: 5/118 Marker (S.1-118)
    GA274/14: 5/118 Marker (S.1-118)
    GA274/15: 5/118 Marker (S.1-118)
    GA274/16: 4/118 Marker (S.1-118)
    GA274/17: 4/118 Marker (S.1-118)
    GA274/18: 5/118 Marker (S.1-118)
    GA274/19: 5/118 Marker (S.1-118)
    GA274/2: 10/118 Marker (S.1-118)
    GA274/3: 4/118 Marker (S.1-118)
    GA274/4: 7/118 Marker (S.1-118)
    GA274/5: 10/118 Marker (S.1-118)
    GA274/6: 9/118 Marker (S.1-118)
    GA274/7: 6/118 Marker (S.1-118)
    GA274/8: 6/118 Marker (S.1-118)
    GA274/9: 4/118 Marker (S.1-118)

  Gesamt: 105 Marker in 19 Dateien
  JSON: 0 Marker
  MD: 0 Marker

============================================================
Verarbeite GA275
============================================================

============================================================
Verarbeite GA275
============================================================
  PDF: Steiner, Rudolf GA 275 1990 - Kunst im Lichte der Mysterienweisheit.pdf
  Extrahiere PDF-Seiten...
  188 Seiten mit Seitenzahlen
  8 Vorträge geladen
    GA275/1: 21 Marker (S.1-188) - ERSTER VORTRAG
    GA275/2: 16 Marker (S.1-188) - ZWEITER VORTRAG
    GA275/3: 17 Marker (S.1-188) - DRITTER VORTRAG
    GA275/4: 25 Marker (S.1-188) - VIERTER VORTRAG
    GA275/5: 16 Marker (S.1-188) - FÜNFTER VORTRAG
    GA275/6: 16 Marker (S.1-188) - SECHSTER VORTRAG
    GA275/7: 18 Marker (S.1-188) - SIEBENTER VORTRAG
    GA275/8: 25 Marker (S.1-188) - ACHTER VORTRAG

  Gesamt: 154 Marker eingefügt
  Gespeichert in: GA275.json
  Archiviert: GA275.json

============================================================
Verarbeite GA275 (MD)
============================================================
  MD-Ordner: GA275-Kunst im Lichte der Mysterienweisheit
  PDF: Steiner, Rudolf GA 275 1990 - Kunst im Lichte der Mysterienweisheit.pdf
  Extrahiere PDF-Seiten...
  188 Seiten mit Seitenzahlen
  9 MD-Dateien gefunden
    GA275/1: 21/188 Marker (S.1-188)
    GA275/2: 16/188 Marker (S.1-188)
    GA275/3: 17/188 Marker (S.1-188)
    GA275/4: 25/188 Marker (S.1-188)
    GA275/5: 16/188 Marker (S.1-188)
    GA275/6: 16/188 Marker (S.1-188)
    GA275/7: 18/188 Marker (S.1-188)
    GA275/8: 25/188 Marker (S.1-188)

  Gesamt: 154 Marker in 8 Dateien
  JSON: 0 Marker
  MD: 0 Marker

============================================================
Verarbeite GA276
============================================================

============================================================
Verarbeite GA276
============================================================
  PDF: Steiner, Rudolf GA 276 2002 - Das Künstlerische in seiner Weltmission.pdf
  Extrahiere PDF-Seiten...
  172 Seiten mit Seitenzahlen
  8 Vorträge geladen
    GA276/1: 17 Marker (S.1-172) - ERSTER VORTRAG
    GA276/2: 16 Marker (S.1-172) - ZWEITER VORTRAG
    GA276/3: 12 Marker (S.1-172) - DRITTER VORTRAG
    GA276/4: 17 Marker (S.1-172) - VIERTER VORTRAG
    GA276/5: 6 Marker (S.1-172) - FÜNFTER VORTRAG
    GA276/6: 18 Marker (S.1-172) - SECHSTER VORTRAG
    GA276/7: 3 Marker (S.1-172) - SIEBENTER VORTRAG
    GA276/8: 10 Marker (S.1-172) - ACHTER VORTRAG

  Gesamt: 99 Marker eingefügt
  Gespeichert in: GA276.json
  Archiviert: GA276.json

============================================================
Verarbeite GA276 (MD)
============================================================
  MD-Ordner: GA276-Das Künstlerische in seiner Weltmission
  PDF: Steiner, Rudolf GA 276 2002 - Das Künstlerische in seiner Weltmission.pdf
  Extrahiere PDF-Seiten...
  172 Seiten mit Seitenzahlen
  9 MD-Dateien gefunden
    GA276/1: 17/172 Marker (S.1-172)
    GA276/2: 16/172 Marker (S.1-172)
    GA276/3: 12/172 Marker (S.1-172)
    GA276/4: 17/172 Marker (S.1-172)
    GA276/5: 6/172 Marker (S.1-172)
    GA276/6: 18/172 Marker (S.1-172)
