
############################################################
# Verarbeite GA201 bis GA270
# Log: pagebreaks_ga201-270_20260107_223237.json
############################################################

============================================================
Verarbeite GA201
============================================================

============================================================
Verarbeite GA201
============================================================
  PDF: Steiner, Rudolf GA 201 1987 - Entsprechungen zwischen Mikrokosmos und Makrokosmos.pdf
  Extrahiere PDF-Seiten...
  285 Seiten mit Seitenzahlen
  16 Vorträge geladen
    GA201/1: 16 Marker (S.1-285) - ERSTER VORTRAG
    GA201/2: 12 Marker (S.1-285) - ZWEITER VORTRAG
    GA201/3: 15 Marker (S.1-285) - DRITTER VORTRAG
    GA201/4: 15 Marker (S.1-285) - VIERTER VORTRAG
    GA201/5: 16 Marker (S.1-285) - FÜNFTER VORTRAG
    GA201/6: 17 Marker (S.1-285) - SECHSTER VORTRAG
    GA201/7: 16 Marker (S.1-285) - SIEBENTER VORTRAG
    GA201/8: 13 Marker (S.1-285) - ACHTER VORTRAG
    GA201/9: 15 Marker (S.1-285) - NEUNTER VORTRAG
    GA201/10: 12 Marker (S.1-285) - ZEHNTER VORTRAG
    GA201/11: 14 Marker (S.1-285) - ELFTER VORTRAG
    GA201/12: 15 Marker (S.1-285) - ZWÖLFTER VORTRAG
    GA201/13: 6 Marker (S.1-285) - DREIZEHNTER VORTRAG
    GA201/14: 17 Marker (S.1-285) - VIERZEHNTER VORTRAG
    GA201/15: 12 Marker (S.1-285) - FÜNFZEHNTER VORTRAG
    GA201/16: 5 Marker (S.1-285) - SECHZEHNTER VORTRAG

  Gesamt: 216 Marker eingefügt
  Gespeichert in: GA201.json
  Archiviert: GA201.json

============================================================
Verarbeite GA201 (MD)
============================================================
  MD-Ordner: GA201-Entsprechungen zwischen Mikrokosmos und Makrokosmos
  PDF: Steiner, Rudolf GA 201 1987 - Entsprechungen zwischen Mikrokosmos und Makrokosmos.pdf
  Extrahiere PDF-Seiten...
  285 Seiten mit Seitenzahlen
  17 MD-Dateien gefunden
    GA201/1: 16/285 Marker (S.1-285)
    GA201/10: 12/285 Marker (S.1-285)
    GA201/11: 14/285 Marker (S.1-285)
    GA201/12: 15/285 Marker (S.1-285)
    GA201/13: 6/285 Marker (S.1-285)
    GA201/14: 17/285 Marker (S.1-285)
    GA201/15: 12/285 Marker (S.1-285)
    GA201/16: 5/285 Marker (S.1-285)
    GA201/2: 12/285 Marker (S.1-285)
    GA201/3: 15/285 Marker (S.1-285)
    GA201/4: 15/285 Marker (S.1-285)
    GA201/5: 16/285 Marker (S.1-285)
    GA201/6: 17/285 Marker (S.1-285)
    GA201/7: 16/285 Marker (S.1-285)
    GA201/8: 13/285 Marker (S.1-285)
    GA201/9: 15/285 Marker (S.1-285)

  Gesamt: 216 Marker in 16 Dateien
  JSON: 0 Marker
  MD: 0 Marker

============================================================
Verarbeite GA202
============================================================

============================================================
Verarbeite GA202
============================================================
  PDF: Steiner, Rudolf GA 202, 1993 - Die Brücke zwischen der Weltgeistigkeit und dem Physischen des Menschen.pdf
  Extrahiere PDF-Seiten...
  295 Seiten mit Seitenzahlen
  16 Vorträge geladen
    GA202/1: 14 Marker (S.1-296) - ERSTER VORTRAG
    GA202/2: 16 Marker (S.1-296) - ZWEITER VORTRAG
    GA202/3: 12 Marker (S.1-296) - DRITTER VORTRAG
    GA202/4: 15 Marker (S.1-296) - VIERTER VORTRAG
    GA202/5: 3 Marker (S.1-296) - FÜNFTER VORTRAG
    GA202/6: 9 Marker (S.1-296) - SECHSTER VORTRAG
    GA202/7: 16 Marker (S.1-296) - SIEBENTER VORTRAG
    GA202/8: 2 Marker (S.1-296) - ACHTER VORTRAG
    GA202/9: 27 Marker (S.1-296) - NEUNTER VORTRAG
    GA202/10: 5 Marker (S.1-296) - ZEHNTER VORTRAG
    GA202/11: 5 Marker (S.1-296) - ELFTER VORTRAG
    GA202/12: 8 Marker (S.1-296) - ZWÖLFTER VORTRAG
    GA202/13: 16 Marker (S.1-296) - DREIZEHNTER VORTRAG
    GA202/14: 4 Marker (S.1-296) - VIERZEHNTER VORTRAG
    GA202/15: 16 Marker (S.1-296) - FÜNFZEHNTER VORTRAG
    GA202/16: 20 Marker (S.1-296) - SECHZEHNTER VORTRAG

  Gesamt: 188 Marker eingefügt
  Gespeichert in: GA202.json
  Archiviert: GA202.json

============================================================
Verarbeite GA202 (MD)
============================================================
  MD-Ordner: GA202-Die Brücke zwischen der Weltgeistigkeit und dem Physischen des Menschen
  PDF: Steiner, Rudolf GA 202, 1993 - Die Brücke zwischen der Weltgeistigkeit und dem Physischen des Menschen.pdf
  Extrahiere PDF-Seiten...
  295 Seiten mit Seitenzahlen
  17 MD-Dateien gefunden
    GA202/1: 14/296 Marker (S.1-296)
    GA202/10: 5/296 Marker (S.1-296)
    GA202/11: 5/296 Marker (S.1-296)
    GA202/12: 8/296 Marker (S.1-296)
    GA202/13: 16/296 Marker (S.1-296)
    GA202/14: 4/296 Marker (S.1-296)
    GA202/15: 16/296 Marker (S.1-296)
    GA202/16: 20/296 Marker (S.1-296)
    GA202/2: 16/296 Marker (S.1-296)
    GA202/3: 12/296 Marker (S.1-296)
    GA202/4: 15/296 Marker (S.1-296)
    GA202/5: 3/296 Marker (S.1-296)
    GA202/6: 9/296 Marker (S.1-296)
    GA202/7: 16/296 Marker (S.1-296)
    GA202/8: 2/296 Marker (S.1-296)
    GA202/9: 27/296 Marker (S.1-296)

  Gesamt: 188 Marker in 16 Dateien
  JSON: 0 Marker
  MD: 0 Marker

============================================================
Verarbeite GA203
============================================================

============================================================
Verarbeite GA203
============================================================
  PDF: Steiner, Rudolf GA 203 1989 - Die Verantwortung des Menschen für die Weltentwickelung.pdf
  Extrahiere PDF-Seiten...
  343 Seiten mit Seitenzahlen
  18 Vorträge geladen
    GA203/1: 19 Marker (S.1-344) - ERSTER VORTRAG
    GA203/2: 6 Marker (S.1-344) - ZWEITER VORTRAG
    GA203/3: 19 Marker (S.1-344) - DRITTER VORTRAG
    GA203/4: 17 Marker (S.1-344) - VIERTER VORTRAG
    GA203/5: 14 Marker (S.1-344) - FÜNFTER VORTRAG
    GA203/6: 17 Marker (S.1-344) - SECHSTER VORTRAG
    GA203/7: 2 Marker (S.1-344) - SIEBENTER VORTRAG
    GA203/8: 10 Marker (S.1-344) - ACHTER VORTRAG
    GA203/9: 16 Marker (S.1-344) - NEUNTER VORTRAG
    GA203/10: 16 Marker (S.1-344) - ZEHNTER VORTRAG
    GA203/11: 9 Marker (S.1-344) - ELFTER VORTRAG
    GA203/12: 9 Marker (S.1-344) - ZWÖLFTER VORTRAG
    GA203/13: 5 Marker (S.1-344) - DREIZEHNTER VORTRAG
    GA203/14: 13 Marker (S.1-344) - VIERZEHNTER VORTRAG
    GA203/15: 3 Marker (S.1-344) - FÜNFZEHNTER VORTRAG
    GA203/16: 12 Marker (S.1-344) - SECHZEHNTER VORTRAG
    GA203/17: 7 Marker (S.1-344) - SIEBZEHNTER VORTRAG
    GA203/18: 14 Marker (S.1-344) - ACHTZEHNTER VORTRAG

  Gesamt: 208 Marker eingefügt
  Gespeichert in: GA203.json
  Archiviert: GA203.json

============================================================
Verarbeite GA203 (MD)
============================================================
  MD-Ordner: GA203-Die Verantwortung des Menschen für die Weltentwickelung durch seinen geistigen Zusammenhang mit dem Erdplaneten und der St
  PDF: Steiner, Rudolf GA 203 1989 - Die Verantwortung des Menschen für die Weltentwickelung.pdf
  Extrahiere PDF-Seiten...
  343 Seiten mit Seitenzahlen
  19 MD-Dateien gefunden
    GA203/1: 19/344 Marker (S.1-344)
    GA203/10: 16/344 Marker (S.1-344)
    GA203/11: 9/344 Marker (S.1-344)
    GA203/12: 9/344 Marker (S.1-344)
    GA203/13: 5/344 Marker (S.1-344)
    GA203/14: 13/344 Marker (S.1-344)
    GA203/15: 3/344 Marker (S.1-344)
    GA203/16: 12/344 Marker (S.1-344)
    GA203/17: 7/344 Marker (S.1-344)
    GA203/18: 14/344 Marker (S.1-344)
    GA203/2: 6/344 Marker (S.1-344)
    GA203/3: 19/344 Marker (S.1-344)
    GA203/4: 17/344 Marker (S.1-344)
    GA203/5: 14/344 Marker (S.1-344)
    GA203/6: 17/344 Marker (S.1-344)
    GA203/7: 2/344 Marker (S.1-344)
    GA203/8: 10/344 Marker (S.1-344)
    GA203/9: 16/344 Marker (S.1-344)

  Gesamt: 208 Marker in 18 Dateien
  JSON: 0 Marker
  MD: 0 Marker

============================================================
Verarbeite GA204
============================================================

============================================================
Verarbeite GA204
============================================================
  PDF: Steiner, Rudolf GA 204 1979 - Perspektiven der Menschheitsentwickelung.pdf
  Extrahiere PDF-Seiten...
  328 Seiten mit Seitenzahlen
  16 Vorträge geladen
    GA204/1: 17 Marker (S.1-328) - ERSTER VORTRAG
    GA204/2: 28 Marker (S.1-328) - ZWEITER VORTRAG
    GA204/3: 9 Marker (S.1-328) - VIERTER VORTRAG
    GA204/4: 15 Marker (S.1-328) - FÜNFTER VORTRAG
    GA204/5: 14 Marker (S.1-328) - SECHSTER VORTRAG
    GA204/6: 8 Marker (S.1-328) - SIEBENTER VORTRAG
    GA204/7: 16 Marker (S.1-328) - ACHTER VORTRAG
    GA204/8: 15 Marker (S.1-328) - NEUNTER VORTRAG
    GA204/9: 7 Marker (S.1-328) - ZEHNTER VORTRAG
    GA204/10: 12 Marker (S.1-328) - ELFTER VORTRAG
    GA204/11: 18 Marker (S.1-328) - ZWÖLFTER VORTRAG
    GA204/12: 8 Marker (S.1-328) - DREIZEHNTER VORTRAG
    GA204/13: 13 Marker (S.1-328) - VIERZEHNTER VORTRAG
    GA204/14: 4 Marker (S.1-328) - FÜNFZEHNTER VORTRAG
    GA204/15: 3 Marker (S.1-328) - SECHZEHNTER VORTRAG
    GA204/16: 5 Marker (S.1-328) - SIEBZEHNTER VORTRAG

  Gesamt: 192 Marker eingefügt
  Gespeichert in: GA204.json
  Archiviert: GA204.json

============================================================
Verarbeite GA204 (MD)
============================================================
  MD-Ordner: GA204-Perspektiven der Menschheitsentwickelung
  PDF: Steiner, Rudolf GA 204 1979 - Perspektiven der Menschheitsentwickelung.pdf
  Extrahiere PDF-Seiten...
  328 Seiten mit Seitenzahlen
  17 MD-Dateien gefunden
    GA204/1: 17/328 Marker (S.1-328)
    GA204/10: 12/328 Marker (S.1-328)
    GA204/11: 18/328 Marker (S.1-328)
    GA204/12: 8/328 Marker (S.1-328)
    GA204/13: 13/328 Marker (S.1-328)
    GA204/14: 4/328 Marker (S.1-328)
    GA204/15: 3/328 Marker (S.1-328)
    GA204/16: 5/328 Marker (S.1-328)
    GA204/2: 28/328 Marker (S.1-328)
    GA204/3: 9/328 Marker (S.1-328)
    GA204/4: 15/328 Marker (S.1-328)
    GA204/5: 14/328 Marker (S.1-328)
    GA204/6: 8/328 Marker (S.1-328)
    GA204/7: 16/328 Marker (S.1-328)
    GA204/8: 15/328 Marker (S.1-328)
    GA204/9: 8/328 Marker (S.1-328)

  Gesamt: 193 Marker in 16 Dateien
  JSON: 0 Marker
  MD: 0 Marker

============================================================
Verarbeite GA205
============================================================

============================================================
Verarbeite GA205
============================================================
  PDF: Steiner, Rudolf GA 205 1987 - Menschenwerden, Weltenseele und Weltengeist I.pdf
  Extrahiere PDF-Seiten...
  255 Seiten mit Seitenzahlen
  13 Vorträge geladen
    GA205/1: 22 Marker (S.1-256) - ERSTER VORTRAG
    GA205/2: 20 Marker (S.1-256) - ZWEITER VORTRAG
    GA205/3: 11 Marker (S.1-256) - DRITTER VORTRAG
    GA205/4: 12 Marker (S.1-256) - VIERTER VORTRAG
    GA205/5: 13 Marker (S.1-256) - FÜNFTER VORTRAG
    GA205/6: 18 Marker (S.1-256) - SECHSTER VORTRAG
    GA205/7: 16 Marker (S.1-256) - SIEBENTER VORTRAG
    GA205/8: 3 Marker (S.1-256) - ACHTER VORTRAG
    GA205/9: 15 Marker (S.1-256) - NEUNTER VORTRAG
    GA205/10: 14 Marker (S.1-256) - ZEHNTER VORTRAG
    GA205/11: 8 Marker (S.1-256) - ELFTER VORTRAG
    GA205/12: 6 Marker (S.1-256) - ZWÖLFTER VORTRAG
    GA205/13: 14 Marker (S.1-256) - DREIZEHNTER VORTRAG

  Gesamt: 172 Marker eingefügt
  Gespeichert in: GA205.json
  Archiviert: GA205.json

============================================================
Verarbeite GA205 (MD)
============================================================
  MD-Ordner: GA205-Menschenwerden  Weltenseele und Weltengeist. Erster Teil
  PDF: Steiner, Rudolf GA 205 1987 - Menschenwerden, Weltenseele und Weltengeist I.pdf
  Extrahiere PDF-Seiten...
  255 Seiten mit Seitenzahlen
  14 MD-Dateien gefunden
    GA205/1: 22/256 Marker (S.1-256)
    GA205/10: 14/256 Marker (S.1-256)
    GA205/11: 8/256 Marker (S.1-256)
